Archive member included to satisfy reference by file (symbol)

c:/users/kevin/appdata/roaming/code/user/globalstorage/bmd.stm32-for-vscode/@xpack-dev-tools/arm-none-eabi-gcc/12.2.1-1.2.1/.content/bin/../lib/gcc/arm-none-eabi/12.2.1/../../../../arm-none-eabi/lib/thumb/v7e-m+fp/hard\libc_nano.a(libc_a-atexit.o)
                              c:/users/kevin/appdata/roaming/code/user/globalstorage/bmd.stm32-for-vscode/@xpack-dev-tools/arm-none-eabi-gcc/12.2.1-1.2.1/.content/bin/../lib/gcc/arm-none-eabi/12.2.1/../../../../arm-none-eabi/lib/thumb/v7e-m+fp/hard/crt0.o (atexit)
c:/users/kevin/appdata/roaming/code/user/globalstorage/bmd.stm32-for-vscode/@xpack-dev-tools/arm-none-eabi-gcc/12.2.1-1.2.1/.content/bin/../lib/gcc/arm-none-eabi/12.2.1/../../../../arm-none-eabi/lib/thumb/v7e-m+fp/hard\libc_nano.a(libc_a-atoi.o)
                              build/main.o (atoi)
c:/users/kevin/appdata/roaming/code/user/globalstorage/bmd.stm32-for-vscode/@xpack-dev-tools/arm-none-eabi-gcc/12.2.1-1.2.1/.content/bin/../lib/gcc/arm-none-eabi/12.2.1/../../../../arm-none-eabi/lib/thumb/v7e-m+fp/hard\libc_nano.a(libc_a-exit.o)
                              c:/users/kevin/appdata/roaming/code/user/globalstorage/bmd.stm32-for-vscode/@xpack-dev-tools/arm-none-eabi-gcc/12.2.1-1.2.1/.content/bin/../lib/gcc/arm-none-eabi/12.2.1/../../../../arm-none-eabi/lib/thumb/v7e-m+fp/hard/crt0.o (exit)
c:/users/kevin/appdata/roaming/code/user/globalstorage/bmd.stm32-for-vscode/@xpack-dev-tools/arm-none-eabi-gcc/12.2.1-1.2.1/.content/bin/../lib/gcc/arm-none-eabi/12.2.1/../../../../arm-none-eabi/lib/thumb/v7e-m+fp/hard\libc_nano.a(libc_a-malloc.o)
                              build/main.o (malloc)
c:/users/kevin/appdata/roaming/code/user/globalstorage/bmd.stm32-for-vscode/@xpack-dev-tools/arm-none-eabi-gcc/12.2.1-1.2.1/.content/bin/../lib/gcc/arm-none-eabi/12.2.1/../../../../arm-none-eabi/lib/thumb/v7e-m+fp/hard\libc_nano.a(libc_a-mallocr.o)
                              c:/users/kevin/appdata/roaming/code/user/globalstorage/bmd.stm32-for-vscode/@xpack-dev-tools/arm-none-eabi-gcc/12.2.1-1.2.1/.content/bin/../lib/gcc/arm-none-eabi/12.2.1/../../../../arm-none-eabi/lib/thumb/v7e-m+fp/hard\libc_nano.a(libc_a-malloc.o) (_malloc_r)
c:/users/kevin/appdata/roaming/code/user/globalstorage/bmd.stm32-for-vscode/@xpack-dev-tools/arm-none-eabi-gcc/12.2.1-1.2.1/.content/bin/../lib/gcc/arm-none-eabi/12.2.1/../../../../arm-none-eabi/lib/thumb/v7e-m+fp/hard\libc_nano.a(libc_a-mlock.o)
                              c:/users/kevin/appdata/roaming/code/user/globalstorage/bmd.stm32-for-vscode/@xpack-dev-tools/arm-none-eabi-gcc/12.2.1-1.2.1/.content/bin/../lib/gcc/arm-none-eabi/12.2.1/../../../../arm-none-eabi/lib/thumb/v7e-m+fp/hard\libc_nano.a(libc_a-mallocr.o) (__malloc_lock)
c:/users/kevin/appdata/roaming/code/user/globalstorage/bmd.stm32-for-vscode/@xpack-dev-tools/arm-none-eabi-gcc/12.2.1-1.2.1/.content/bin/../lib/gcc/arm-none-eabi/12.2.1/../../../../arm-none-eabi/lib/thumb/v7e-m+fp/hard\libc_nano.a(libc_a-strtol.o)
                              c:/users/kevin/appdata/roaming/code/user/globalstorage/bmd.stm32-for-vscode/@xpack-dev-tools/arm-none-eabi-gcc/12.2.1-1.2.1/.content/bin/../lib/gcc/arm-none-eabi/12.2.1/../../../../arm-none-eabi/lib/thumb/v7e-m+fp/hard\libc_nano.a(libc_a-atoi.o) (_strtol_r)
c:/users/kevin/appdata/roaming/code/user/globalstorage/bmd.stm32-for-vscode/@xpack-dev-tools/arm-none-eabi-gcc/12.2.1-1.2.1/.content/bin/../lib/gcc/arm-none-eabi/12.2.1/../../../../arm-none-eabi/lib/thumb/v7e-m+fp/hard\libc_nano.a(libc_a-ctype_.o)
                              c:/users/kevin/appdata/roaming/code/user/globalstorage/bmd.stm32-for-vscode/@xpack-dev-tools/arm-none-eabi-gcc/12.2.1-1.2.1/.content/bin/../lib/gcc/arm-none-eabi/12.2.1/../../../../arm-none-eabi/lib/thumb/v7e-m+fp/hard\libc_nano.a(libc_a-strtol.o) (_ctype_)
c:/users/kevin/appdata/roaming/code/user/globalstorage/bmd.stm32-for-vscode/@xpack-dev-tools/arm-none-eabi-gcc/12.2.1-1.2.1/.content/bin/../lib/gcc/arm-none-eabi/12.2.1/../../../../arm-none-eabi/lib/thumb/v7e-m+fp/hard\libc_nano.a(libc_a-findfp.o)
                              c:/users/kevin/appdata/roaming/code/user/globalstorage/bmd.stm32-for-vscode/@xpack-dev-tools/arm-none-eabi-gcc/12.2.1-1.2.1/.content/bin/../lib/gcc/arm-none-eabi/12.2.1/../../../../arm-none-eabi/lib/thumb/v7e-m+fp/hard\libc_nano.a(libc_a-exit.o) (__stdio_exit_handler)
c:/users/kevin/appdata/roaming/code/user/globalstorage/bmd.stm32-for-vscode/@xpack-dev-tools/arm-none-eabi-gcc/12.2.1-1.2.1/.content/bin/../lib/gcc/arm-none-eabi/12.2.1/../../../../arm-none-eabi/lib/thumb/v7e-m+fp/hard\libc_nano.a(libc_a-fwalk.o)
                              c:/users/kevin/appdata/roaming/code/user/globalstorage/bmd.stm32-for-vscode/@xpack-dev-tools/arm-none-eabi-gcc/12.2.1-1.2.1/.content/bin/../lib/gcc/arm-none-eabi/12.2.1/../../../../arm-none-eabi/lib/thumb/v7e-m+fp/hard\libc_nano.a(libc_a-findfp.o) (_fwalk_sglue)
[...]
Memory Configuration

Name             Origin             Length             Attributes
FLASH            0x0000000008000000 0x0000000000080000 xr
RAM1             0x0000000020000008 0x000000000002fff8 xrw
RAM_SHARED       0x0000000020030000 0x0000000000002800 xrw
*default*        0x0000000000000000 0xffffffffffffffff

Linker script and memory map

LOAD c:/users/kevin/appdata/roaming/code/user/globalstorage/bmd.stm32-for-vscode/@xpack-dev-tools/arm-none-eabi-gcc/12.2.1-1.2.1/.content/bin/../lib/gcc/arm-none-eabi/12.2.1/thumb/v7e-m+fp/hard/crti.o
LOAD c:/users/kevin/appdata/roaming/code/user/globalstorage/bmd.stm32-for-vscode/@xpack-dev-tools/arm-none-eabi-gcc/12.2.1-1.2.1/.content/bin/../lib/gcc/arm-none-eabi/12.2.1/thumb/v7e-m+fp/hard/crtbegin.o
LOAD c:/users/kevin/appdata/roaming/code/user/globalstorage/bmd.stm32-for-vscode/@xpack-dev-tools/arm-none-eabi-gcc/12.2.1-1.2.1/.content/bin/../lib/gcc/arm-none-eabi/12.2.1/../../../../arm-none-eabi/lib/thumb/v7e-m+fp/hard/crt0.o
LOAD build/DWT_Delay.o
LOAD build/LCD16x2.o
LOAD build/gpio.o
LOAD build/main.o
LOAD build/memorymap.o
LOAD build/stm32wbxx_hal_msp.o
LOAD build/stm32wbxx_it.o
LOAD build/system_stm32wbxx.o
LOAD build/usart.o
LOAD build/usb.o
LOAD build/stm32wbxx_hal.o
LOAD build/stm32wbxx_hal_cortex.o
LOAD build/stm32wbxx_hal_dma.o
LOAD build/stm32wbxx_hal_dma_ex.o
LOAD build/stm32wbxx_hal_exti.o
LOAD build/stm32wbxx_hal_flash.o
LOAD build/stm32wbxx_hal_flash_ex.o
LOAD build/stm32wbxx_hal_gpio.o
LOAD build/stm32wbxx_hal_hsem.o
LOAD build/stm32wbxx_hal_pcd.o
LOAD build/stm32wbxx_hal_pcd_ex.o
LOAD build/stm32wbxx_hal_pwr.o
LOAD build/stm32wbxx_hal_pwr_ex.o
LOAD build/stm32wbxx_hal_rcc.o
LOAD build/stm32wbxx_hal_rcc_ex.o
LOAD build/stm32wbxx_hal_tim.o
LOAD build/stm32wbxx_hal_tim_ex.o
LOAD build/stm32wbxx_hal_uart.o
LOAD build/stm32wbxx_hal_uart_ex.o
LOAD build/stm32wbxx_ll_rcc.o
LOAD build/stm32wbxx_ll_usb.o
LOAD build/startup_stm32wb55xx_cm4.o
LOAD c:/users/kevin/appdata/roaming/code/user/globalstorage/bmd.stm32-for-vscode/@xpack-dev-tools/arm-none-eabi-gcc/12.2.1-1.2.1/.content/bin/../lib/gcc/arm-none-eabi/12.2.1/../../../../arm-none-eabi/lib/thumb/v7e-m+fp/hard\libc_nano.a
LOAD c:/users/kevin/appdata/roaming/code/user/globalstorage/bmd.stm32-for-vscode/@xpack-dev-tools/arm-none-eabi-gcc/12.2.1-1.2.1/.content/bin/../lib/gcc/arm-none-eabi/12.2.1/../../../../arm-none-eabi/lib/thumb/v7e-m+fp/hard\libm.a
LOAD c:/users/kevin/appdata/roaming/code/user/globalstorage/bmd.stm32-for-vscode/@xpack-dev-tools/arm-none-eabi-gcc/12.2.1-1.2.1/.content/bin/../lib/gcc/arm-none-eabi/12.2.1/../../../../arm-none-eabi/lib/thumb/v7e-m+fp/hard\libnosys.a
START GROUP
LOAD c:/users/kevin/appdata/roaming/code/user/globalstorage/bmd.stm32-for-vscode/@xpack-dev-tools/arm-none-eabi-gcc/12.2.1-1.2.1/.content/bin/../lib/gcc/arm-none-eabi/12.2.1/thumb/v7e-m+fp/hard\libgcc.a
LOAD c:/users/kevin/appdata/roaming/code/user/globalstorage/bmd.stm32-for-vscode/@xpack-dev-tools/arm-none-eabi-gcc/12.2.1-1.2.1/.content/bin/../lib/gcc/arm-none-eabi/12.2.1/../../../../arm-none-eabi/lib/thumb/v7e-m+fp/hard\libc_nano.a
END GROUP
START GROUP
LOAD c:/users/kevin/appdata/roaming/code/user/globalstorage/bmd.stm32-for-vscode/@xpack-dev-tools/arm-none-eabi-gcc/12.2.1-1.2.1/.content/bin/../lib/gcc/arm-none-eabi/12.2.1/thumb/v7e-m+fp/hard\libgcc.a
LOAD c:/users/kevin/appdata/roaming/code/user/globalstorage/bmd.stm32-for-vscode/@xpack-dev-tools/arm-none-eabi-gcc/12.2.1-1.2.1/.content/bin/../lib/gcc/arm-none-eabi/12.2.1/../../../../arm-none-eabi/lib/thumb/v7e-m+fp/hard\libc_nano.a
END GROUP
LOAD c:/users/kevin/appdata/roaming/code/user/globalstorage/bmd.stm32-for-vscode/@xpack-dev-tools/arm-none-eabi-gcc/12.2.1-1.2.1/.content/bin/../lib/gcc/arm-none-eabi/12.2.1/thumb/v7e-m+fp/hard/crtend.o
LOAD c:/users/kevin/appdata/roaming/code/user/globalstorage/bmd.stm32-for-vscode/@xpack-dev-tools/arm-none-eabi-gcc/12.2.1-1.2.1/.content/bin/../lib/gcc/arm-none-eabi/12.2.1/thumb/v7e-m+fp/hard/crtn.o
                0x0000000020030000                _estack = 0x20030000
                0x0000000000000200                _Min_Heap_Size = 0x200
                0x0000000000000400                _Min_Stack_Size = 0x400

.isr_vector     0x0000000008000000      0x13c
                0x0000000008000000                . = ALIGN (0x4)
 *(.isr_vector)
 .isr_vector    0x0000000008000000      0x13c build/startup_stm32wb55xx_cm4.o
                0x0000000008000000                g_pfnVectors
                0x000000000800013c                . = ALIGN (0x4)

.text           0x0000000008000140     0x3b48
                0x0000000008000140                . = ALIGN (0x4)
 *(.text)
 .text          0x0000000008000140       0x14 c:/users/kevin/appdata/roaming/code/user/globalstorage/bmd.stm32-for-vscode/@xpack-dev-tools/arm-none-eabi-gcc/12.2.1-1.2.1/.content/bin/../lib/gcc/arm-none-eabi/12.2.1/../../../../arm-none-eabi/lib/thumb/v7e-m+fp/hard\libc_nano.a(libc_a-strcmp.o)
                0x0000000008000140                strcmp
 .text          0x0000000008000154       0x10 c:/users/kevin/appdata/roaming/code/user/globalstorage/bmd.stm32-for-vscode/@xpack-dev-tools/arm-none-eabi-gcc/12.2.1-1.2.1/.content/bin/../lib/gcc/arm-none-eabi/12.2.1/../../../../arm-none-eabi/lib/thumb/v7e-m+fp/hard\libc_nano.a(libc_a-strlen.o)
                0x0000000008000154                strlen
 *fill*         0x0000000008000164        0xc 
 .text          0x0000000008000170       0xa0 c:/users/kevin/appdata/roaming/code/user/globalstorage/bmd.stm32-for-vscode/@xpack-dev-tools/arm-none-eabi-gcc/12.2.1-1.2.1/.content/bin/../lib/gcc/arm-none-eabi/12.2.1/../../../../arm-none-eabi/lib/thumb/v7e-m+fp/hard\libc_nano.a(libc_a-memchr.o)
                0x0000000008000170                memchr
 .text          0x0000000008000210       0x30 c:/users/kevin/appdata/roaming/code/user/globalstorage/bmd.stm32-for-vscode/@xpack-dev-tools/arm-none-eabi-gcc/12.2.1-1.2.1/.content/bin/../lib/gcc/arm-none-eabi/12.2.1/thumb/v7e-m+fp/hard\libgcc.a(_aeabi_uldivmod.o)
                0x0000000008000210                __aeabi_uldivmod
 .text          0x0000000008000240        0x4 c:/users/kevin/appdata/roaming/code/user/globalstorage/bmd.stm32-for-vscode/@xpack-dev-tools/arm-none-eabi-gcc/12.2.1-1.2.1/.content/bin/../lib/gcc/arm-none-eabi/12.2.1/thumb/v7e-m+fp/hard\libgcc.a(_dvmd_tls.o)
                0x0000000008000240                __aeabi_idiv0
                0x0000000008000240                __aeabi_ldiv0
 *(.text*)
 .text.__do_global_dtors_aux
                0x0000000008000244       0x24 c:/users/kevin/appdata/roaming/code/user/globalstorage/bmd.stm32-for-vscode/@xpack-dev-tools/arm-none-eabi-gcc/12.2.1-1.2.1/.content/bin/../lib/gcc/arm-none-eabi/12.2.1/thumb/v7e-m+fp/hard/crtbegin.o
 .text.frame_dummy
                0x0000000008000268       0x1c c:/users/kevin/appdata/roaming/code/user/globalstorage/bmd.stm32-for-vscode/@xpack-dev-tools/arm-none-eabi-gcc/12.2.1-1.2.1/.content/bin/../lib/gcc/arm-none-eabi/12.2.1/thumb/v7e-m+fp/hard/crtbegin.o
 .text.DWT_Delay_Init
                0x0000000008000284       0x48 build/DWT_Delay.o
                0x0000000008000284                DWT_Delay_Init
 .text.DWT_Delay_us
                0x00000000080002cc       0x38 build/LCD16x2.o
 .text.DWT_Delay_ms
                0x0000000008000304       0x38 build/LCD16x2.o
 .text.LCD_DATA
                0x000000000800033c       0x48 build/LCD16x2.o
                0x000000000800033c                LCD_DATA
 .text.LCD_CMD  0x0000000008000384       0x3c build/LCD16x2.o
                0x0000000008000384                LCD_CMD
 .text.LCD_Clear
                0x00000000080003c0       0x16 build/LCD16x2.o
                0x00000000080003c0                LCD_Clear
 .text.LCD_Set_Cursor
                0x00000000080003d6       0x46 build/LCD16x2.o
                0x00000000080003d6                LCD_Set_Cursor
 .text.LCD_Init
                0x000000000800041c       0xb8 build/LCD16x2.o
                0x000000000800041c                LCD_Init
 .text.LCD_Write_Char
                0x00000000080004d4       0x6a build/LCD16x2.o
                0x00000000080004d4                LCD_Write_Char
 .text.LCD_Write_String
                0x000000000800053e       0x16 build/LCD16x2.o
                0x000000000800053e                LCD_Write_String
 .text.LCD_SL   0x0000000008000554       0x16 build/LCD16x2.o
                0x0000000008000554                LCD_SL
 .text.LCD_SR   0x000000000800056a       0x16 build/LCD16x2.o
                0x000000000800056a                LCD_SR
 .text.LCD_Home
                0x0000000008000580       0x16 build/LCD16x2.o
                0x0000000008000580                LCD_Home
 .text.LCD_Set_Auto_Shift
                0x0000000008000596       0x2e build/LCD16x2.o
                0x0000000008000596                LCD_Set_Auto_Shift
 .text.MX_GPIO_Init
                0x00000000080005c4      0x134 build/gpio.o
                0x00000000080005c4                MX_GPIO_Init
 .text.displayResult
                0x00000000080006f8       0xa0 build/main.o
                0x00000000080006f8                displayResult
 .text.HAL_GPIO_EXTI_Callback
                0x0000000008000798      0x3f8 build/main.o
                0x0000000008000798                HAL_GPIO_EXTI_Callback
 .text.Error_Handler
                0x0000000008000b90        0x4 build/main.o
                0x0000000008000b90                Error_Handler
 .text.SystemClock_Config
                0x0000000008000b94       0xc4 build/main.o
                0x0000000008000b94                SystemClock_Config
 .text.PeriphCommonClock_Config
                0x0000000008000c58       0x26 build/main.o
                0x0000000008000c58                PeriphCommonClock_Config
 *fill*         0x0000000008000c7e        0x2 
 .text.main     0x0000000008000c80      0x2fc build/main.o
                0x0000000008000c80                main
 .text.MX_MEMORYMAP_Init
                0x0000000008000f7c        0x2 build/memorymap.o
                0x0000000008000f7c                MX_MEMORYMAP_Init
 .text.HAL_MspInit
                0x0000000008000f7e        0x2 build/stm32wbxx_hal_msp.o
                0x0000000008000f7e                HAL_MspInit
 .text.NMI_Handler
                0x0000000008000f80        0x2 build/stm32wbxx_it.o
                0x0000000008000f80                NMI_Handler
 .text.HardFault_Handler
                0x0000000008000f82        0x2 build/stm32wbxx_it.o
                0x0000000008000f82                HardFault_Handler
 .text.MemManage_Handler
                0x0000000008000f84        0x2 build/stm32wbxx_it.o
                0x0000000008000f84                MemManage_Handler
 .text.BusFault_Handler
                0x0000000008000f86        0x2 build/stm32wbxx_it.o
                0x0000000008000f86                BusFault_Handler
 .text.UsageFault_Handler
                0x0000000008000f88        0x2 build/stm32wbxx_it.o
                0x0000000008000f88                UsageFault_Handler
 .text.SVC_Handler
                0x0000000008000f8a        0x2 build/stm32wbxx_it.o
                0x0000000008000f8a                SVC_Handler
 .text.DebugMon_Handler
                0x0000000008000f8c        0x2 build/stm32wbxx_it.o
                0x0000000008000f8c                DebugMon_Handler
 .text.PendSV_Handler
                0x0000000008000f8e        0x2 build/stm32wbxx_it.o
                0x0000000008000f8e                PendSV_Handler
 .text.SysTick_Handler
                0x0000000008000f90        0x8 build/stm32wbxx_it.o
                0x0000000008000f90                SysTick_Handler
 .text.EXTI9_5_IRQHandler
                0x0000000008000f98       0x20 build/stm32wbxx_it.o
                0x0000000008000f98                EXTI9_5_IRQHandler
 .text.SystemInit
                0x0000000008000fb8       0x64 build/system_stm32wbxx.o
                0x0000000008000fb8                SystemInit
 .text.MX_USART1_UART_Init
                0x000000000800101c       0x68 build/usart.o
                0x000000000800101c                MX_USART1_UART_Init
 .text.HAL_UART_MspInit
                0x0000000008001084       0x88 build/usart.o
                0x0000000008001084                HAL_UART_MspInit
 .text.MX_USB_PCD_Init
                0x000000000800110c       0x34 build/usb.o
                0x000000000800110c                MX_USB_PCD_Init
 .text.HAL_PCD_MspInit
                0x0000000008001140       0xa8 build/usb.o
                0x0000000008001140                HAL_PCD_MspInit
 .text.HAL_InitTick
                0x00000000080011e8       0x50 build/stm32wbxx_hal.o
                0x00000000080011e8                HAL_InitTick
 .text.HAL_Init
                0x0000000008001238       0x2c build/stm32wbxx_hal.o
                0x0000000008001238                HAL_Init
 .text.HAL_IncTick
                0x0000000008001264       0x18 build/stm32wbxx_hal.o
                0x0000000008001264                HAL_IncTick
 .text.HAL_GetTick
                0x000000000800127c        0xc build/stm32wbxx_hal.o
                0x000000000800127c                HAL_GetTick
 .text.HAL_GetTickPrio
                0x0000000008001288        0xc build/stm32wbxx_hal.o
                0x0000000008001288                HAL_GetTickPrio
 .text.__NVIC_EnableIRQ
                0x0000000008001294       0x1c build/stm32wbxx_hal_cortex.o
 .text.__NVIC_SetPriority
                0x00000000080012b0       0x28 build/stm32wbxx_hal_cortex.o
 .text.NVIC_EncodePriority
                0x00000000080012d8       0x3e build/stm32wbxx_hal_cortex.o
 *fill*         0x0000000008001316        0x2 
 .text.HAL_NVIC_SetPriorityGrouping
                0x0000000008001318       0x24 build/stm32wbxx_hal_cortex.o
                0x0000000008001318                HAL_NVIC_SetPriorityGrouping
 .text.HAL_NVIC_SetPriority
                0x000000000800133c       0x20 build/stm32wbxx_hal_cortex.o
                0x000000000800133c                HAL_NVIC_SetPriority
 .text.HAL_NVIC_EnableIRQ
                0x000000000800135c        0x8 build/stm32wbxx_hal_cortex.o
                0x000000000800135c                HAL_NVIC_EnableIRQ
 .text.HAL_SYSTICK_Config
                0x0000000008001364       0x28 build/stm32wbxx_hal_cortex.o
                0x0000000008001364                HAL_SYSTICK_Config
 .text.HAL_GPIO_Init
                0x000000000800138c      0x1b4 build/stm32wbxx_hal_gpio.o
                0x000000000800138c                HAL_GPIO_Init
 .text.HAL_GPIO_ReadPin
                0x0000000008001540        0xe build/stm32wbxx_hal_gpio.o
                0x0000000008001540                HAL_GPIO_ReadPin
 .text.HAL_GPIO_WritePin
                0x000000000800154e        0xa build/stm32wbxx_hal_gpio.o
                0x000000000800154e                HAL_GPIO_WritePin
 .text.HAL_GPIO_EXTI_IRQHandler
                0x0000000008001558       0x1c build/stm32wbxx_hal_gpio.o
                0x0000000008001558                HAL_GPIO_EXTI_IRQHandler
 .text.HAL_PCD_Init
                0x0000000008001574       0xdc build/stm32wbxx_hal_pcd.o
                0x0000000008001574                HAL_PCD_Init
 .text.HAL_PCDEx_ActivateLPM
                0x0000000008001650       0x2c build/stm32wbxx_hal_pcd_ex.o
                0x0000000008001650                HAL_PCDEx_ActivateLPM
 .text.HAL_PWR_EnableBkUpAccess
                0x000000000800167c       0x10 build/stm32wbxx_hal_pwr.o
                0x000000000800167c                HAL_PWR_EnableBkUpAccess
 .text.HAL_PWREx_GetVoltageRange
                0x000000000800168c       0x10 build/stm32wbxx_hal_pwr_ex.o
                0x000000000800168c                HAL_PWREx_GetVoltageRange
 .text.RCC_SetFlashLatency
                0x000000000800169c       0xc0 build/stm32wbxx_hal_rcc.o
 .text.RCC_SetFlashLatencyFromMSIRange
                0x000000000800175c       0x4c build/stm32wbxx_hal_rcc.o
 .text.HAL_RCC_GetSysClockFreq
                0x00000000080017a8       0xc4 build/stm32wbxx_hal_rcc.o
                0x00000000080017a8                HAL_RCC_GetSysClockFreq
 .text.HAL_RCC_GetHCLKFreq
                0x000000000800186c       0x20 build/stm32wbxx_hal_rcc.o
                0x000000000800186c                HAL_RCC_GetHCLKFreq
 .text.HAL_RCC_OscConfig
                0x000000000800188c      0x718 build/stm32wbxx_hal_rcc.o
                0x000000000800188c                HAL_RCC_OscConfig
 .text.HAL_RCC_ClockConfig
                0x0000000008001fa4      0x264 build/stm32wbxx_hal_rcc.o
                0x0000000008001fa4                HAL_RCC_ClockConfig
 .text.HAL_RCC_GetPCLK1Freq
                0x0000000008002208       0x24 build/stm32wbxx_hal_rcc.o
                0x0000000008002208                HAL_RCC_GetPCLK1Freq
 .text.HAL_RCC_GetPCLK2Freq
                0x000000000800222c       0x24 build/stm32wbxx_hal_rcc.o
                0x000000000800222c                HAL_RCC_GetPCLK2Freq
 .text.LL_RCC_SetI2CClockSource
                0x0000000008002250       0x20 build/stm32wbxx_hal_rcc_ex.o
 .text.RCCEx_PLLSAI1_ConfigNP
                0x0000000008002270       0x8e build/stm32wbxx_hal_rcc_ex.o
 .text.RCCEx_PLLSAI1_ConfigNQ
                0x00000000080022fe       0x8e build/stm32wbxx_hal_rcc_ex.o
 .text.RCCEx_PLLSAI1_ConfigNR
                0x000000000800238c       0x8e build/stm32wbxx_hal_rcc_ex.o
 .text.HAL_RCCEx_PeriphCLKConfig
                0x000000000800241a      0x2f2 build/stm32wbxx_hal_rcc_ex.o
                0x000000000800241a                HAL_RCCEx_PeriphCLKConfig
 .text.HAL_RCCEx_EnableMSIPLLMode
                0x000000000800270c        0xe build/stm32wbxx_hal_rcc_ex.o
                0x000000000800270c                HAL_RCCEx_EnableMSIPLLMode
 .text.UART_EndRxTransfer
                0x000000000800271a       0x56 build/stm32wbxx_hal_uart.o
 .text.UART_SetConfig
                0x0000000008002770      0x25c build/stm32wbxx_hal_uart.o
                0x0000000008002770                UART_SetConfig
 .text.UART_AdvFeatureConfig
                0x00000000080029cc       0xca build/stm32wbxx_hal_uart.o
                0x00000000080029cc                UART_AdvFeatureConfig
 .text.UART_WaitOnFlagUntilTimeout
                0x0000000008002a96       0x96 build/stm32wbxx_hal_uart.o
                0x0000000008002a96                UART_WaitOnFlagUntilTimeout
 .text.HAL_UART_Transmit
                0x0000000008002b2c       0xd2 build/stm32wbxx_hal_uart.o
                0x0000000008002b2c                HAL_UART_Transmit
 .text.UART_CheckIdleState
                0x0000000008002bfe       0xca build/stm32wbxx_hal_uart.o
                0x0000000008002bfe                UART_CheckIdleState
 .text.HAL_UART_Init
                0x0000000008002cc8       0x66 build/stm32wbxx_hal_uart.o
                0x0000000008002cc8                HAL_UART_Init
 *fill*         0x0000000008002d2e        0x2 
 .text.UARTEx_SetNbDataToProcess
                0x0000000008002d30       0x4c build/stm32wbxx_hal_uart_ex.o
 .text.HAL_UARTEx_DisableFifoMode
                0x0000000008002d7c       0x3e build/stm32wbxx_hal_uart_ex.o
                0x0000000008002d7c                HAL_UARTEx_DisableFifoMode
 .text.HAL_UARTEx_SetTxFifoThreshold
                0x0000000008002dba       0x4a build/stm32wbxx_hal_uart_ex.o
                0x0000000008002dba                HAL_UARTEx_SetTxFifoThreshold
 .text.HAL_UARTEx_SetRxFifoThreshold
                0x0000000008002e04       0x4a build/stm32wbxx_hal_uart_ex.o
                0x0000000008002e04                HAL_UARTEx_SetRxFifoThreshold
 .text.USB_DisableGlobalInt
                0x0000000008002e4e       0x14 build/stm32wbxx_ll_usb.o
                0x0000000008002e4e                USB_DisableGlobalInt
 .text.USB_DevInit
                0x0000000008002e62       0x22 build/stm32wbxx_ll_usb.o
                0x0000000008002e62                USB_DevInit
 .text.data_initializers
                0x0000000008002e84       0x18 build/startup_stm32wb55xx_cm4.o
 .text.Reset_Handler
                0x0000000008002e9c       0x58 build/startup_stm32wb55xx_cm4.o
                0x0000000008002e9c                Reset_Handler
 .text.Default_Handler
                0x0000000008002ef4        0x2 build/startup_stm32wb55xx_cm4.o
                0x0000000008002ef4                RTC_Alarm_IRQHandler
                0x0000000008002ef4                EXTI2_IRQHandler
                0x0000000008002ef4                TIM1_CC_IRQHandler
                0x0000000008002ef4                TSC_IRQHandler
                0x0000000008002ef4                USB_HP_IRQHandler
                0x0000000008002ef4                EXTI3_IRQHandler
                0x0000000008002ef4                LPTIM2_IRQHandler
                0x0000000008002ef4                I2C3_ER_IRQHandler
                0x0000000008002ef4                EXTI0_IRQHandler
                0x0000000008002ef4                FPU_IRQHandler
                0x0000000008002ef4                TIM1_UP_TIM16_IRQHandler
                0x0000000008002ef4                AES1_IRQHandler
                0x0000000008002ef4                SPI1_IRQHandler
                0x0000000008002ef4                PWR_SOTF_BLEACT_802ACT_RFPHASE_IRQHandler
                0x0000000008002ef4                DMA2_Channel2_IRQHandler
                0x0000000008002ef4                DMA1_Channel4_IRQHandler
                0x0000000008002ef4                ADC1_IRQHandler
                0x0000000008002ef4                PKA_IRQHandler
                0x0000000008002ef4                DMA1_Channel7_IRQHandler
                0x0000000008002ef4                LCD_IRQHandler
                0x0000000008002ef4                IPCC_C1_TX_IRQHandler
                0x0000000008002ef4                DMA2_Channel1_IRQHandler
                0x0000000008002ef4                QUADSPI_IRQHandler
                0x0000000008002ef4                I2C1_EV_IRQHandler
                0x0000000008002ef4                DMAMUX1_OVR_IRQHandler
                0x0000000008002ef4                DMA1_Channel6_IRQHandler
                0x0000000008002ef4                DMA2_Channel4_IRQHandler
                0x0000000008002ef4                RCC_IRQHandler
                0x0000000008002ef4                DMA1_Channel1_IRQHandler
                0x0000000008002ef4                Default_Handler
                0x0000000008002ef4                DMA2_Channel7_IRQHandler
                0x0000000008002ef4                EXTI15_10_IRQHandler
                0x0000000008002ef4                IPCC_C1_RX_IRQHandler
                0x0000000008002ef4                C2SEV_PWR_C2H_IRQHandler
                0x0000000008002ef4                AES2_IRQHandler
                0x0000000008002ef4                I2C3_EV_IRQHandler
                0x0000000008002ef4                RTC_WKUP_IRQHandler
                0x0000000008002ef4                PVD_PVM_IRQHandler
                0x0000000008002ef4                SPI2_IRQHandler
                0x0000000008002ef4                DMA2_Channel5_IRQHandler
                0x0000000008002ef4                CRS_IRQHandler
                0x0000000008002ef4                DMA1_Channel5_IRQHandler
                0x0000000008002ef4                USB_LP_IRQHandler
                0x0000000008002ef4                EXTI4_IRQHandler
                0x0000000008002ef4                RNG_IRQHandler
                0x0000000008002ef4                TIM1_TRG_COM_TIM17_IRQHandler
                0x0000000008002ef4                TAMP_STAMP_LSECSS_IRQHandler
                0x0000000008002ef4                DMA1_Channel3_IRQHandler
                0x0000000008002ef4                COMP_IRQHandler
                0x0000000008002ef4                HSEM_IRQHandler
                0x0000000008002ef4                WWDG_IRQHandler
                0x0000000008002ef4                LPUART1_IRQHandler
                0x0000000008002ef4                DMA2_Channel6_IRQHandler
                0x0000000008002ef4                TIM2_IRQHandler
                0x0000000008002ef4                TIM1_BRK_IRQHandler
                0x0000000008002ef4                EXTI1_IRQHandler
                0x0000000008002ef4                DMA1_Channel2_IRQHandler
                0x0000000008002ef4                FLASH_IRQHandler
                0x0000000008002ef4                USART1_IRQHandler
                0x0000000008002ef4                I2C1_ER_IRQHandler
                0x0000000008002ef4                LPTIM1_IRQHandler
                0x0000000008002ef4                SAI1_IRQHandler
                0x0000000008002ef4                DMA2_Channel3_IRQHandler
 .text.atoi     0x0000000008002ef6        0x8 c:/users/kevin/appdata/roaming/code/user/globalstorage/bmd.stm32-for-vscode/@xpack-dev-tools/arm-none-eabi-gcc/12.2.1-1.2.1/.content/bin/../lib/gcc/arm-none-eabi/12.2.1/../../../../arm-none-eabi/lib/thumb/v7e-m+fp/hard\libc_nano.a(libc_a-atoi.o)
                0x0000000008002ef6                atoi
 *fill*         0x0000000008002efe        0x2 
 .text.malloc   0x0000000008002f00       0x10 c:/users/kevin/appdata/roaming/code/user/globalstorage/bmd.stm32-for-vscode/@xpack-dev-tools/arm-none-eabi-gcc/12.2.1-1.2.1/.content/bin/../lib/gcc/arm-none-eabi/12.2.1/../../../../arm-none-eabi/lib/thumb/v7e-m+fp/hard\libc_nano.a(libc_a-malloc.o)
                0x0000000008002f00                malloc
 .text.sbrk_aligned
                0x0000000008002f10       0x44 c:/users/kevin/appdata/roaming/code/user/globalstorage/bmd.stm32-for-vscode/@xpack-dev-tools/arm-none-eabi-gcc/12.2.1-1.2.1/.content/bin/../lib/gcc/arm-none-eabi/12.2.1/../../../../arm-none-eabi/lib/thumb/v7e-m+fp/hard\libc_nano.a(libc_a-mallocr.o)
 .text._malloc_r
                0x0000000008002f54       0xf0 c:/users/kevin/appdata/roaming/code/user/globalstorage/bmd.stm32-for-vscode/@xpack-dev-tools/arm-none-eabi-gcc/12.2.1-1.2.1/.content/bin/../lib/gcc/arm-none-eabi/12.2.1/../../../../arm-none-eabi/lib/thumb/v7e-m+fp/hard\libc_nano.a(libc_a-mallocr.o)
                0x0000000008002f54                _malloc_r
 .text.__malloc_lock
                0x0000000008003044        0xc c:/users/kevin/appdata/roaming/code/user/globalstorage/bmd.stm32-for-vscode/@xpack-dev-tools/arm-none-eabi-gcc/12.2.1-1.2.1/.content/bin/../lib/gcc/arm-none-eabi/12.2.1/../../../../arm-none-eabi/lib/thumb/v7e-m+fp/hard\libc_nano.a(libc_a-mlock.o)
                0x0000000008003044                __malloc_lock
 .text.__malloc_unlock
                0x0000000008003050        0xc c:/users/kevin/appdata/roaming/code/user/globalstorage/bmd.stm32-for-vscode/@xpack-dev-tools/arm-none-eabi-gcc/12.2.1-1.2.1/.content/bin/../lib/gcc/arm-none-eabi/12.2.1/../../../../arm-none-eabi/lib/thumb/v7e-m+fp/hard\libc_nano.a(libc_a-mlock.o)
                0x0000000008003050                __malloc_unlock
 .text._strtol_l.constprop.0
                0x000000000800305c       0xfc c:/users/kevin/appdata/roaming/code/user/globalstorage/bmd.stm32-for-vscode/@xpack-dev-tools/arm-none-eabi-gcc/12.2.1-1.2.1/.content/bin/../lib/gcc/arm-none-eabi/12.2.1/../../../../arm-none-eabi/lib/thumb/v7e-m+fp/hard\libc_nano.a(libc_a-strtol.o)
 .text.strtol   0x0000000008003158       0x14 c:/users/kevin/appdata/roaming/code/user/globalstorage/bmd.stm32-for-vscode/@xpack-dev-tools/arm-none-eabi-gcc/12.2.1-1.2.1/.content/bin/../lib/gcc/arm-none-eabi/12.2.1/../../../../arm-none-eabi/lib/thumb/v7e-m+fp/hard\libc_nano.a(libc_a-strtol.o)
                0x0000000008003158                strtol
 .text.sprintf  0x000000000800316c       0x40 c:/users/kevin/appdata/roaming/code/user/globalstorage/bmd.stm32-for-vscode/@xpack-dev-tools/arm-none-eabi-gcc/12.2.1-1.2.1/.content/bin/../lib/gcc/arm-none-eabi/12.2.1/../../../../arm-none-eabi/lib/thumb/v7e-m+fp/hard\libc_nano.a(libc_a-sprintf.o)
                0x000000000800316c                siprintf
                0x000000000800316c                sprintf
 .text.memset   0x00000000080031ac       0x10 c:/users/kevin/appdata/roaming/code/user/globalstorage/bmd.stm32-for-vscode/@xpack-dev-tools/arm-none-eabi-gcc/12.2.1-1.2.1/.content/bin/../lib/gcc/arm-none-eabi/12.2.1/../../../../arm-none-eabi/lib/thumb/v7e-m+fp/hard\libc_nano.a(libc_a-memset.o)
                0x00000000080031ac                memset
 .text.strcat   0x00000000080031bc       0x1e c:/users/kevin/appdata/roaming/code/user/globalstorage/bmd.stm32-for-vscode/@xpack-dev-tools/arm-none-eabi-gcc/12.2.1-1.2.1/.content/bin/../lib/gcc/arm-none-eabi/12.2.1/../../../../arm-none-eabi/lib/thumb/v7e-m+fp/hard\libc_nano.a(libc_a-strcat.o)
                0x00000000080031bc                strcat
 *fill*         0x00000000080031da        0x2 
 .text._sbrk_r  0x00000000080031dc       0x20 c:/users/kevin/appdata/roaming/code/user/globalstorage/bmd.stm32-for-vscode/@xpack-dev-tools/arm-none-eabi-gcc/12.2.1-1.2.1/.content/bin/../lib/gcc/arm-none-eabi/12.2.1/../../../../arm-none-eabi/lib/thumb/v7e-m+fp/hard\libc_nano.a(libc_a-sbrkr.o)
                0x00000000080031dc                _sbrk_r
 .text.__errno  0x00000000080031fc        0xc c:/users/kevin/appdata/roaming/code/user/globalstorage/bmd.stm32-for-vscode/@xpack-dev-tools/arm-none-eabi-gcc/12.2.1-1.2.1/.content/bin/../lib/gcc/arm-none-eabi/12.2.1/../../../../arm-none-eabi/lib/thumb/v7e-m+fp/hard\libc_nano.a(libc_a-errno.o)
                0x00000000080031fc                __errno
 .text.__libc_init_array
                0x0000000008003208       0x48 c:/users/kevin/appdata/roaming/code/user/globalstorage/bmd.stm32-for-vscode/@xpack-dev-tools/arm-none-eabi-gcc/12.2.1-1.2.1/.content/bin/../lib/gcc/arm-none-eabi/12.2.1/../../../../arm-none-eabi/lib/thumb/v7e-m+fp/hard\libc_nano.a(libc_a-init.o)
                0x0000000008003208                __libc_init_array
 .text.__retarget_lock_acquire_recursive
                0x0000000008003250        0x2 c:/users/kevin/appdata/roaming/code/user/globalstorage/bmd.stm32-for-vscode/@xpack-dev-tools/arm-none-eabi-gcc/12.2.1-1.2.1/.content/bin/../lib/gcc/arm-none-eabi/12.2.1/../../../../arm-none-eabi/lib/thumb/v7e-m+fp/hard\libc_nano.a(libc_a-lock.o)
                0x0000000008003250                __retarget_lock_acquire_recursive
 .text.__retarget_lock_release_recursive
                0x0000000008003252        0x2 c:/users/kevin/appdata/roaming/code/user/globalstorage/bmd.stm32-for-vscode/@xpack-dev-tools/arm-none-eabi-gcc/12.2.1-1.2.1/.content/bin/../lib/gcc/arm-none-eabi/12.2.1/../../../../arm-none-eabi/lib/thumb/v7e-m+fp/hard\libc_nano.a(libc_a-lock.o)
                0x0000000008003252                __retarget_lock_release_recursive
 .text.strcpy   0x0000000008003254       0x10 c:/users/kevin/appdata/roaming/code/user/globalstorage/bmd.stm32-for-vscode/@xpack-dev-tools/arm-none-eabi-gcc/12.2.1-1.2.1/.content/bin/../lib/gcc/arm-none-eabi/12.2.1/../../../../arm-none-eabi/lib/thumb/v7e-m+fp/hard\libc_nano.a(libc_a-strcpy.o)
                0x0000000008003254                strcpy
 .text._free_r  0x0000000008003264       0x94 c:/users/kevin/appdata/roaming/code/user/globalstorage/bmd.stm32-for-vscode/@xpack-dev-tools/arm-none-eabi-gcc/12.2.1-1.2.1/.content/bin/../lib/gcc/arm-none-eabi/12.2.1/../../../../arm-none-eabi/lib/thumb/v7e-m+fp/hard\libc_nano.a(libc_a-freer.o)
                0x0000000008003264                _free_r
 .text.__ssputs_r
                0x00000000080032f8       0xb6 c:/users/kevin/appdata/roaming/code/user/globalstorage/bmd.stm32-for-vscode/@xpack-dev-tools/arm-none-eabi-gcc/12.2.1-1.2.1/.content/bin/../lib/gcc/arm-none-eabi/12.2.1/../../../../arm-none-eabi/lib/thumb/v7e-m+fp/hard\libc_nano.a(libc_a-nano-svfprintf.o)
                0x00000000080032f8                __ssputs_r
 *fill*         0x00000000080033ae        0x2 
 .text._svfprintf_r
                0x00000000080033b0      0x1f8 c:/users/kevin/appdata/roaming/code/user/globalstorage/bmd.stm32-for-vscode/@xpack-dev-tools/arm-none-eabi-gcc/12.2.1-1.2.1/.content/bin/../lib/gcc/arm-none-eabi/12.2.1/../../../../arm-none-eabi/lib/thumb/v7e-m+fp/hard\libc_nano.a(libc_a-nano-svfprintf.o)
                0x00000000080033b0                _svfiprintf_r
                0x00000000080033b0                _svfprintf_r
 .text._printf_common
                0x00000000080035a8       0xda c:/users/kevin/appdata/roaming/code/user/globalstorage/bmd.stm32-for-vscode/@xpack-dev-tools/arm-none-eabi-gcc/12.2.1-1.2.1/.content/bin/../lib/gcc/arm-none-eabi/12.2.1/../../../../arm-none-eabi/lib/thumb/v7e-m+fp/hard\libc_nano.a(libc_a-nano-vfprintf_i.o)
                0x00000000080035a8                _printf_common
 *fill*         0x0000000008003682        0x2 
 .text._printf_i
                0x0000000008003684      0x258 c:/users/kevin/appdata/roaming/code/user/globalstorage/bmd.stm32-for-vscode/@xpack-dev-tools/arm-none-eabi-gcc/12.2.1-1.2.1/.content/bin/../lib/gcc/arm-none-eabi/12.2.1/../../../../arm-none-eabi/lib/thumb/v7e-m+fp/hard\libc_nano.a(libc_a-nano-vfprintf_i.o)
                0x0000000008003684                _printf_i
 .text.memmove  0x00000000080038dc       0x34 c:/users/kevin/appdata/roaming/code/user/globalstorage/bmd.stm32-for-vscode/@xpack-dev-tools/arm-none-eabi-gcc/12.2.1-1.2.1/.content/bin/../lib/gcc/arm-none-eabi/12.2.1/../../../../arm-none-eabi/lib/thumb/v7e-m+fp/hard\libc_nano.a(libc_a-memmove.o)
                0x00000000080038dc                memmove
 .text.memcpy   0x0000000008003910       0x1c c:/users/kevin/appdata/roaming/code/user/globalstorage/bmd.stm32-for-vscode/@xpack-dev-tools/arm-none-eabi-gcc/12.2.1-1.2.1/.content/bin/../lib/gcc/arm-none-eabi/12.2.1/../../../../arm-none-eabi/lib/thumb/v7e-m+fp/hard\libc_nano.a(libc_a-memcpy-stub.o)
                0x0000000008003910                memcpy
 .text._realloc_r
                0x000000000800392c       0x5c c:/users/kevin/appdata/roaming/code/user/globalstorage/bmd.stm32-for-vscode/@xpack-dev-tools/arm-none-eabi-gcc/12.2.1-1.2.1/.content/bin/../lib/gcc/arm-none-eabi/12.2.1/../../../../arm-none-eabi/lib/thumb/v7e-m+fp/hard\libc_nano.a(libc_a-reallocr.o)
                0x000000000800392c                _realloc_r
 .text._malloc_usable_size_r
                0x0000000008003988       0x10 c:/users/kevin/appdata/roaming/code/user/globalstorage/bmd.stm32-for-vscode/@xpack-dev-tools/arm-none-eabi-gcc/12.2.1-1.2.1/.content/bin/../lib/gcc/arm-none-eabi/12.2.1/../../../../arm-none-eabi/lib/thumb/v7e-m+fp/hard\libc_nano.a(libc_a-msizer.o)
                0x0000000008003988                _malloc_usable_size_r
 .text._sbrk    0x0000000008003998       0x1c c:/users/kevin/appdata/roaming/code/user/globalstorage/bmd.stm32-for-vscode/@xpack-dev-tools/arm-none-eabi-gcc/12.2.1-1.2.1/.content/bin/../lib/gcc/arm-none-eabi/12.2.1/../../../../arm-none-eabi/lib/thumb/v7e-m+fp/hard\libnosys.a(sbrk.o)
                0x0000000008003998                _sbrk
 .text.__udivmoddi4
                0x00000000080039b4      0x2bc c:/users/kevin/appdata/roaming/code/user/globalstorage/bmd.stm32-for-vscode/@xpack-dev-tools/arm-none-eabi-gcc/12.2.1-1.2.1/.content/bin/../lib/gcc/arm-none-eabi/12.2.1/thumb/v7e-m+fp/hard\libgcc.a(_udivmoddi4.o)
                0x00000000080039b4                __udivmoddi4
 *(.glue_7)
 .glue_7        0x0000000008003c70        0x0 linker stubs
 *(.glue_7t)
 .glue_7t       0x0000000008003c70        0x0 linker stubs
 *(.eh_frame)
 .eh_frame      0x0000000008003c70        0x0 c:/users/kevin/appdata/roaming/code/user/globalstorage/bmd.stm32-for-vscode/@xpack-dev-tools/arm-none-eabi-gcc/12.2.1-1.2.1/.content/bin/../lib/gcc/arm-none-eabi/12.2.1/thumb/v7e-m+fp/hard/crtbegin.o
 *(.init)
 .init          0x0000000008003c70        0x4 c:/users/kevin/appdata/roaming/code/user/globalstorage/bmd.stm32-for-vscode/@xpack-dev-tools/arm-none-eabi-gcc/12.2.1-1.2.1/.content/bin/../lib/gcc/arm-none-eabi/12.2.1/thumb/v7e-m+fp/hard/crti.o
                0x0000000008003c70                _init
 .init          0x0000000008003c74        0x8 c:/users/kevin/appdata/roaming/code/user/globalstorage/bmd.stm32-for-vscode/@xpack-dev-tools/arm-none-eabi-gcc/12.2.1-1.2.1/.content/bin/../lib/gcc/arm-none-eabi/12.2.1/thumb/v7e-m+fp/hard/crtn.o
 *(.fini)
 .fini          0x0000000008003c7c        0x4 c:/users/kevin/appdata/roaming/code/user/globalstorage/bmd.stm32-for-vscode/@xpack-dev-tools/arm-none-eabi-gcc/12.2.1-1.2.1/.content/bin/../lib/gcc/arm-none-eabi/12.2.1/thumb/v7e-m+fp/hard/crti.o
                0x0000000008003c7c                _fini
 .fini          0x0000000008003c80        0x8 c:/users/kevin/appdata/roaming/code/user/globalstorage/bmd.stm32-for-vscode/@xpack-dev-tools/arm-none-eabi-gcc/12.2.1-1.2.1/.content/bin/../lib/gcc/arm-none-eabi/12.2.1/thumb/v7e-m+fp/hard/crtn.o
                0x0000000008003c88                . = ALIGN (0x4)
                0x0000000008003c88                _etext = .

.vfp11_veneer   0x0000000008003c88        0x0
 .vfp11_veneer  0x0000000008003c88        0x0 linker stubs

.v4_bx          0x0000000008003c88        0x0
 .v4_bx         0x0000000008003c88        0x0 linker stubs

.iplt           0x0000000008003c88        0x0
 .iplt          0x0000000008003c88        0x0 c:/users/kevin/appdata/roaming/code/user/globalstorage/bmd.stm32-for-vscode/@xpack-dev-tools/arm-none-eabi-gcc/12.2.1-1.2.1/.content/bin/../lib/gcc/arm-none-eabi/12.2.1/thumb/v7e-m+fp/hard/crtbegin.o

.rodata         0x0000000008003c88      0x2cc
                0x0000000008003c88                . = ALIGN (0x4)
 *(.rodata)
 .rodata        0x0000000008003c88       0x2c build/stm32wbxx_hal_rcc.o
 *(.rodata*)
 .rodata.displayResult.str1.4
                0x0000000008003cb4        0xb build/main.o
 *fill*         0x0000000008003cbf        0x1 
 .rodata.HAL_GPIO_EXTI_Callback.str1.4
                0x0000000008003cc0       0x36 build/main.o
 *fill*         0x0000000008003cf6        0x2 
 .rodata.main.str1.4
                0x0000000008003cf8       0x5d build/main.o
 *fill*         0x0000000008003d55        0x3 
 .rodata.MSIRangeTable
                0x0000000008003d58       0x40 build/system_stm32wbxx.o
                0x0000000008003d58                MSIRangeTable
 .rodata.APBPrescTable
                0x0000000008003d98       0x20 build/system_stm32wbxx.o
                0x0000000008003d98                APBPrescTable
 .rodata.AHBPrescTable
                0x0000000008003db8       0x40 build/system_stm32wbxx.o
                0x0000000008003db8                AHBPrescTable
 .rodata.UARTPrescTable
                0x0000000008003df8       0x18 build/stm32wbxx_hal_uart.o
                0x0000000008003df8                UARTPrescTable
 .rodata.denominator.0
                0x0000000008003e10        0x8 build/stm32wbxx_hal_uart_ex.o
 .rodata.numerator.1
                0x0000000008003e18        0x8 build/stm32wbxx_hal_uart_ex.o
 .rodata._ctype_
                0x0000000008003e20      0x101 c:/users/kevin/appdata/roaming/code/user/globalstorage/bmd.stm32-for-vscode/@xpack-dev-tools/arm-none-eabi-gcc/12.2.1-1.2.1/.content/bin/../lib/gcc/arm-none-eabi/12.2.1/../../../../arm-none-eabi/lib/thumb/v7e-m+fp/hard\libc_nano.a(libc_a-ctype_.o)
                0x0000000008003e20                _ctype_
 .rodata._svfprintf_r.str1.1
                0x0000000008003f21       0x11 c:/users/kevin/appdata/roaming/code/user/globalstorage/bmd.stm32-for-vscode/@xpack-dev-tools/arm-none-eabi-gcc/12.2.1-1.2.1/.content/bin/../lib/gcc/arm-none-eabi/12.2.1/../../../../arm-none-eabi/lib/thumb/v7e-m+fp/hard\libc_nano.a(libc_a-nano-svfprintf.o)
 .rodata._printf_i.str1.1
                0x0000000008003f32       0x22 c:/users/kevin/appdata/roaming/code/user/globalstorage/bmd.stm32-for-vscode/@xpack-dev-tools/arm-none-eabi-gcc/12.2.1-1.2.1/.content/bin/../lib/gcc/arm-none-eabi/12.2.1/../../../../arm-none-eabi/lib/thumb/v7e-m+fp/hard\libc_nano.a(libc_a-nano-vfprintf_i.o)
                0x0000000008003f54                . = ALIGN (0x4)

.ARM.extab
 *(.ARM.extab* .gnu.linkonce.armextab.*)

.ARM            0x0000000008003f54        0x8
                0x0000000008003f54                __exidx_start = .
 *(.ARM.exidx*)
 .ARM.exidx.text.__udivmoddi4
                0x0000000008003f54        0x8 c:/users/kevin/appdata/roaming/code/user/globalstorage/bmd.stm32-for-vscode/@xpack-dev-tools/arm-none-eabi-gcc/12.2.1-1.2.1/.content/bin/../lib/gcc/arm-none-eabi/12.2.1/thumb/v7e-m+fp/hard\libgcc.a(_udivmoddi4.o)
                0x0000000008003f5c                __exidx_end = .

.rel.dyn        0x0000000008003f5c        0x0
 .rel.iplt      0x0000000008003f5c        0x0 c:/users/kevin/appdata/roaming/code/user/globalstorage/bmd.stm32-for-vscode/@xpack-dev-tools/arm-none-eabi-gcc/12.2.1-1.2.1/.content/bin/../lib/gcc/arm-none-eabi/12.2.1/thumb/v7e-m+fp/hard/crtbegin.o

.preinit_array  0x0000000008003f5c        0x0
                0x0000000008003f5c                PROVIDE (__preinit_array_start = .)
 *(.preinit_array*)
                0x0000000008003f5c                PROVIDE (__preinit_array_end = .)

.init_array     0x0000000008003f5c        0x4
                0x0000000008003f5c                PROVIDE (__init_array_start = .)
 *(SORT_BY_NAME(.init_array.*))
 *(.init_array*)
 .init_array    0x0000000008003f5c        0x4 c:/users/kevin/appdata/roaming/code/user/globalstorage/bmd.stm32-for-vscode/@xpack-dev-tools/arm-none-eabi-gcc/12.2.1-1.2.1/.content/bin/../lib/gcc/arm-none-eabi/12.2.1/thumb/v7e-m+fp/hard/crtbegin.o
                0x0000000008003f60                PROVIDE (__init_array_end = .)

.fini_array     0x0000000008003f60        0x4
                0x0000000008003f60                PROVIDE (__fini_array_start = .)
 *(SORT_BY_NAME(.fini_array.*))
 *(.fini_array*)
 .fini_array    0x0000000008003f60        0x4 c:/users/kevin/appdata/roaming/code/user/globalstorage/bmd.stm32-for-vscode/@xpack-dev-tools/arm-none-eabi-gcc/12.2.1-1.2.1/.content/bin/../lib/gcc/arm-none-eabi/12.2.1/thumb/v7e-m+fp/hard/crtbegin.o
                0x0000000008003f64                PROVIDE (__fini_array_end = .)
                0x0000000008003f64                _sidata = LOADADDR (.data)

.data           0x0000000020000008       0x60 load address 0x0000000008003f64
                0x0000000020000008                . = ALIGN (0x4)
                0x0000000020000008                _sdata = .
 *(.data)
 *(.data*)
 .data.cursor_pos
                0x0000000020000008        0x4 build/main.o
                0x0000000020000008                cursor_pos
 .data.SystemCoreClock
                0x000000002000000c        0x4 build/system_stm32wbxx.o
                0x000000002000000c                SystemCoreClock
 .data.uwTickFreq
                0x0000000020000010        0x1 build/stm32wbxx_hal.o
                0x0000000020000010                uwTickFreq
 *fill*         0x0000000020000011        0x3 
 .data.uwTickPrio
                0x0000000020000014        0x4 build/stm32wbxx_hal.o
                0x0000000020000014                uwTickPrio
 .data._impure_ptr
                0x0000000020000018        0x4 c:/users/kevin/appdata/roaming/code/user/globalstorage/bmd.stm32-for-vscode/@xpack-dev-tools/arm-none-eabi-gcc/12.2.1-1.2.1/.content/bin/../lib/gcc/arm-none-eabi/12.2.1/../../../../arm-none-eabi/lib/thumb/v7e-m+fp/hard\libc_nano.a(libc_a-impure.o)
                0x0000000020000018                _impure_ptr
 .data._impure_data
                0x000000002000001c       0x4c c:/users/kevin/appdata/roaming/code/user/globalstorage/bmd.stm32-for-vscode/@xpack-dev-tools/arm-none-eabi-gcc/12.2.1-1.2.1/.content/bin/../lib/gcc/arm-none-eabi/12.2.1/../../../../arm-none-eabi/lib/thumb/v7e-m+fp/hard\libc_nano.a(libc_a-impure.o)
                0x000000002000001c                _impure_data
                0x0000000020000068                . = ALIGN (0x4)
                0x0000000020000068                _edata = .

.igot.plt       0x0000000020000068        0x0 load address 0x0000000008003fc4
 .igot.plt      0x0000000020000068        0x0 c:/users/kevin/appdata/roaming/code/user/globalstorage/bmd.stm32-for-vscode/@xpack-dev-tools/arm-none-eabi-gcc/12.2.1-1.2.1/.content/bin/../lib/gcc/arm-none-eabi/12.2.1/thumb/v7e-m+fp/hard/crtbegin.o
                0x0000000020000068                . = ALIGN (0x4)

.bss            0x0000000020000068      0x564 load address 0x0000000008003fc4
                0x0000000020000068                _sbss = .
                0x0000000020000068                __bss_start__ = _sbss
 *(.bss)
 *(.bss*)
 .bss.completed.1
                0x0000000020000068        0x1 c:/users/kevin/appdata/roaming/code/user/globalstorage/bmd.stm32-for-vscode/@xpack-dev-tools/arm-none-eabi-gcc/12.2.1-1.2.1/.content/bin/../lib/gcc/arm-none-eabi/12.2.1/thumb/v7e-m+fp/hard/crtbegin.o
 *fill*         0x0000000020000069        0x3 
 .bss.object.0  0x000000002000006c       0x18 c:/users/kevin/appdata/roaming/code/user/globalstorage/bmd.stm32-for-vscode/@xpack-dev-tools/arm-none-eabi-gcc/12.2.1-1.2.1/.content/bin/../lib/gcc/arm-none-eabi/12.2.1/thumb/v7e-m+fp/hard/crtbegin.o
 .bss.first_operand_seen
                0x0000000020000084        0x4 build/main.o
                0x0000000020000084                first_operand_seen
 .bss.first_char_operand_seen
                0x0000000020000088        0x4 build/main.o
                0x0000000020000088                first_char_operand_seen
 .bss.disp_pos  0x000000002000008c        0x4 build/main.o
                0x000000002000008c                disp_pos
 .bss.char_count_top
                0x0000000020000090        0x4 build/main.o
                0x0000000020000090                char_count_top
 .bss.char_count_bot
                0x0000000020000094        0x4 build/main.o
                0x0000000020000094                char_count_bot
 .bss.current_operator
                0x0000000020000098        0x4 build/main.o
                0x0000000020000098                current_operator
 .bss.operand_buf
                0x000000002000009c        0x4 build/main.o
                0x000000002000009c                operand_buf
 .bss.result_disp
                0x00000000200000a0        0xa build/main.o
                0x00000000200000a0                result_disp
 *fill*         0x00000000200000aa        0x2 
 .bss.msg       0x00000000200000ac       0x20 build/main.o
                0x00000000200000ac                msg
 .bss.result    0x00000000200000cc        0x4 build/main.o
                0x00000000200000cc                result
 .bss.key_char  0x00000000200000d0        0x4 build/main.o
                0x00000000200000d0                key_char
 .bss.key_ascii
                0x00000000200000d4        0x1 build/main.o
                0x00000000200000d4                key_ascii
 *fill*         0x00000000200000d5        0x3 
 .bss.currentTimeInms
                0x00000000200000d8        0x4 build/main.o
                0x00000000200000d8                currentTimeInms
 .bss.previousTimeInms
                0x00000000200000dc        0x4 build/main.o
                0x00000000200000dc                previousTimeInms
 .bss.myGPIO_InitStruct
                0x00000000200000e0       0x14 build/main.o
                0x00000000200000e0                myGPIO_InitStruct
 .bss.huart1    0x00000000200000f4       0x94 build/usart.o
                0x00000000200000f4                huart1
 .bss.hpcd_USB_FS
                0x0000000020000188      0x2f4 build/usb.o
                0x0000000020000188                hpcd_USB_FS
 .bss.uwTick    0x000000002000047c        0x4 build/stm32wbxx_hal.o
                0x000000002000047c                uwTick
 .bss.__malloc_sbrk_start
                0x0000000020000480        0x4 c:/users/kevin/appdata/roaming/code/user/globalstorage/bmd.stm32-for-vscode/@xpack-dev-tools/arm-none-eabi-gcc/12.2.1-1.2.1/.content/bin/../lib/gcc/arm-none-eabi/12.2.1/../../../../arm-none-eabi/lib/thumb/v7e-m+fp/hard\libc_nano.a(libc_a-mallocr.o)
                0x0000000020000480                __malloc_sbrk_start
 .bss.__malloc_free_list
                0x0000000020000484        0x4 c:/users/kevin/appdata/roaming/code/user/globalstorage/bmd.stm32-for-vscode/@xpack-dev-tools/arm-none-eabi-gcc/12.2.1-1.2.1/.content/bin/../lib/gcc/arm-none-eabi/12.2.1/../../../../arm-none-eabi/lib/thumb/v7e-m+fp/hard\libc_nano.a(libc_a-mallocr.o)
                0x0000000020000484                __malloc_free_list
 .bss.__sf      0x0000000020000488      0x138 c:/users/kevin/appdata/roaming/code/user/globalstorage/bmd.stm32-for-vscode/@xpack-dev-tools/arm-none-eabi-gcc/12.2.1-1.2.1/.content/bin/../lib/gcc/arm-none-eabi/12.2.1/../../../../arm-none-eabi/lib/thumb/v7e-m+fp/hard\libc_nano.a(libc_a-findfp.o)
                0x0000000020000488                __sf
 .bss.errno     0x00000000200005c0        0x4 c:/users/kevin/appdata/roaming/code/user/globalstorage/bmd.stm32-for-vscode/@xpack-dev-tools/arm-none-eabi-gcc/12.2.1-1.2.1/.content/bin/../lib/gcc/arm-none-eabi/12.2.1/../../../../arm-none-eabi/lib/thumb/v7e-m+fp/hard\libc_nano.a(libc_a-reent.o)
                0x00000000200005c0                errno
 .bss.__lock___malloc_recursive_mutex
                0x00000000200005c4        0x1 c:/users/kevin/appdata/roaming/code/user/globalstorage/bmd.stm32-for-vscode/@xpack-dev-tools/arm-none-eabi-gcc/12.2.1-1.2.1/.content/bin/../lib/gcc/arm-none-eabi/12.2.1/../../../../arm-none-eabi/lib/thumb/v7e-m+fp/hard\libc_nano.a(libc_a-lock.o)
                0x00000000200005c4                __lock___malloc_recursive_mutex
 *fill*         0x00000000200005c5        0x3 
 .bss.heap_end.0
                0x00000000200005c8        0x4 c:/users/kevin/appdata/roaming/code/user/globalstorage/bmd.stm32-for-vscode/@xpack-dev-tools/arm-none-eabi-gcc/12.2.1-1.2.1/.content/bin/../lib/gcc/arm-none-eabi/12.2.1/../../../../arm-none-eabi/lib/thumb/v7e-m+fp/hard\libnosys.a(sbrk.o)
 *(COMMON)
                0x00000000200005cc                . = ALIGN (0x4)
                0x00000000200005cc                _ebss = .
                0x00000000200005cc                __bss_end__ = _ebss

._user_heap_stack
                0x00000000200005cc      0x604 load address 0x0000000008003fc4
                0x00000000200005d0                . = ALIGN (0x8)
 *fill*         0x00000000200005cc        0x4 
                0x00000000200005d0                PROVIDE (end = .)
                [!provide]                        PROVIDE (_end = .)
                0x00000000200007d0                . = (. + _Min_Heap_Size)
 *fill*         0x00000000200005d0      0x200 
                0x0000000020000bd0                . = (. + _Min_Stack_Size)
 *fill*         0x00000000200007d0      0x400 
                0x0000000020000bd0                . = ALIGN (0x8)

/DISCARD/
 libc.a(*)
 libm.a(*)
 libgcc.a(*)

.ARM.attributes
                0x0000000000000000       0x30
 *(.ARM.attributes)
 .ARM.attributes
                0x0000000000000000       0x22 c:/users/kevin/appdata/roaming/code/user/globalstorage/bmd.stm32-for-vscode/@xpack-dev-tools/arm-none-eabi-gcc/12.2.1-1.2.1/.content/bin/../lib/gcc/arm-none-eabi/12.2.1/thumb/v7e-m+fp/hard/crti.o
 .ARM.attributes
                0x0000000000000022       0x34 c:/users/kevin/appdata/roaming/code/user/globalstorage/bmd.stm32-for-vscode/@xpack-dev-tools/arm-none-eabi-gcc/12.2.1-1.2.1/.content/bin/../lib/gcc/arm-none-eabi/12.2.1/thumb/v7e-m+fp/hard/crtbegin.o
 .ARM.attributes
                0x0000000000000056       0x34 build/DWT_Delay.o
 .ARM.attributes
                0x000000000000008a       0x34 build/LCD16x2.o
 .ARM.attributes
                0x00000000000000be       0x34 build/gpio.o
 .ARM.attributes
                0x00000000000000f2       0x34 build/main.o
 .ARM.attributes
                0x0000000000000126       0x34 build/memorymap.o
 .ARM.attributes
                0x000000000000015a       0x34 build/stm32wbxx_hal_msp.o
 .ARM.attributes
                0x000000000000018e       0x34 build/stm32wbxx_it.o
 .ARM.attributes
                0x00000000000001c2       0x34 build/system_stm32wbxx.o
 .ARM.attributes
                0x00000000000001f6       0x34 build/usart.o
 .ARM.attributes
                0x000000000000022a       0x34 build/usb.o
 .ARM.attributes
                0x000000000000025e       0x34 build/stm32wbxx_hal.o
 .ARM.attributes
                0x0000000000000292       0x34 build/stm32wbxx_hal_cortex.o
 .ARM.attributes
                0x00000000000002c6       0x34 build/stm32wbxx_hal_gpio.o
 .ARM.attributes
                0x00000000000002fa       0x34 build/stm32wbxx_hal_pcd.o
 .ARM.attributes
                0x000000000000032e       0x34 build/stm32wbxx_hal_pcd_ex.o
 .ARM.attributes
                0x0000000000000362       0x34 build/stm32wbxx_hal_pwr.o
 .ARM.attributes
                0x0000000000000396       0x34 build/stm32wbxx_hal_pwr_ex.o
 .ARM.attributes
                0x00000000000003ca       0x34 build/stm32wbxx_hal_rcc.o
 .ARM.attributes
                0x00000000000003fe       0x34 build/stm32wbxx_hal_rcc_ex.o
 .ARM.attributes
                0x0000000000000432       0x34 build/stm32wbxx_hal_uart.o
 .ARM.attributes
                0x0000000000000466       0x34 build/stm32wbxx_hal_uart_ex.o
 .ARM.attributes
                0x000000000000049a       0x34 build/stm32wbxx_ll_usb.o
 .ARM.attributes
                0x00000000000004ce       0x21 build/startup_stm32wb55xx_cm4.o
 .ARM.attributes
                0x00000000000004ef       0x34 c:/users/kevin/appdata/roaming/code/user/globalstorage/bmd.stm32-for-vscode/@xpack-dev-tools/arm-none-eabi-gcc/12.2.1-1.2.1/.content/bin/../lib/gcc/arm-none-eabi/12.2.1/../../../../arm-none-eabi/lib/thumb/v7e-m+fp/hard\libc_nano.a(libc_a-atoi.o)
 .ARM.attributes
                0x0000000000000523       0x34 c:/users/kevin/appdata/roaming/code/user/globalstorage/bmd.stm32-for-vscode/@xpack-dev-tools/arm-none-eabi-gcc/12.2.1-1.2.1/.content/bin/../lib/gcc/arm-none-eabi/12.2.1/../../../../arm-none-eabi/lib/thumb/v7e-m+fp/hard\libc_nano.a(libc_a-malloc.o)
 .ARM.attributes
                0x0000000000000557       0x34 c:/users/kevin/appdata/roaming/code/user/globalstorage/bmd.stm32-for-vscode/@xpack-dev-tools/arm-none-eabi-gcc/12.2.1-1.2.1/.content/bin/../lib/gcc/arm-none-eabi/12.2.1/../../../../arm-none-eabi/lib/thumb/v7e-m+fp/hard\libc_nano.a(libc_a-mallocr.o)
 .ARM.attributes
                0x000000000000058b       0x34 c:/users/kevin/appdata/roaming/code/user/globalstorage/bmd.stm32-for-vscode/@xpack-dev-tools/arm-none-eabi-gcc/12.2.1-1.2.1/.content/bin/../lib/gcc/arm-none-eabi/12.2.1/../../../../arm-none-eabi/lib/thumb/v7e-m+fp/hard\libc_nano.a(libc_a-mlock.o)
 .ARM.attributes
                0x00000000000005bf       0x34 c:/users/kevin/appdata/roaming/code/user/globalstorage/bmd.stm32-for-vscode/@xpack-dev-tools/arm-none-eabi-gcc/12.2.1-1.2.1/.content/bin/../lib/gcc/arm-none-eabi/12.2.1/../../../../arm-none-eabi/lib/thumb/v7e-m+fp/hard\libc_nano.a(libc_a-strtol.o)
 .ARM.attributes
                0x00000000000005f3       0x34 c:/users/kevin/appdata/roaming/code/user/globalstorage/bmd.stm32-for-vscode/@xpack-dev-tools/arm-none-eabi-gcc/12.2.1-1.2.1/.content/bin/../lib/gcc/arm-none-eabi/12.2.1/../../../../arm-none-eabi/lib/thumb/v7e-m+fp/hard\libc_nano.a(libc_a-ctype_.o)
 .ARM.attributes
                0x0000000000000627       0x34 c:/users/kevin/appdata/roaming/code/user/globalstorage/bmd.stm32-for-vscode/@xpack-dev-tools/arm-none-eabi-gcc/12.2.1-1.2.1/.content/bin/../lib/gcc/arm-none-eabi/12.2.1/../../../../arm-none-eabi/lib/thumb/v7e-m+fp/hard\libc_nano.a(libc_a-findfp.o)
 .ARM.attributes
                0x000000000000065b       0x34 c:/users/kevin/appdata/roaming/code/user/globalstorage/bmd.stm32-for-vscode/@xpack-dev-tools/arm-none-eabi-gcc/12.2.1-1.2.1/.content/bin/../lib/gcc/arm-none-eabi/12.2.1/../../../../arm-none-eabi/lib/thumb/v7e-m+fp/hard\libc_nano.a(libc_a-sprintf.o)
 .ARM.attributes
                0x000000000000068f       0x34 c:/users/kevin/appdata/roaming/code/user/globalstorage/bmd.stm32-for-vscode/@xpack-dev-tools/arm-none-eabi-gcc/12.2.1-1.2.1/.content/bin/../lib/gcc/arm-none-eabi/12.2.1/../../../../arm-none-eabi/lib/thumb/v7e-m+fp/hard\libc_nano.a(libc_a-memset.o)
 .ARM.attributes
                0x00000000000006c3       0x34 c:/users/kevin/appdata/roaming/code/user/globalstorage/bmd.stm32-for-vscode/@xpack-dev-tools/arm-none-eabi-gcc/12.2.1-1.2.1/.content/bin/../lib/gcc/arm-none-eabi/12.2.1/../../../../arm-none-eabi/lib/thumb/v7e-m+fp/hard\libc_nano.a(libc_a-strcat.o)
 .ARM.attributes
                0x00000000000006f7       0x34 c:/users/kevin/appdata/roaming/code/user/globalstorage/bmd.stm32-for-vscode/@xpack-dev-tools/arm-none-eabi-gcc/12.2.1-1.2.1/.content/bin/../lib/gcc/arm-none-eabi/12.2.1/../../../../arm-none-eabi/lib/thumb/v7e-m+fp/hard\libc_nano.a(libc_a-reent.o)
 .ARM.attributes
                0x000000000000072b       0x34 c:/users/kevin/appdata/roaming/code/user/globalstorage/bmd.stm32-for-vscode/@xpack-dev-tools/arm-none-eabi-gcc/12.2.1-1.2.1/.content/bin/../lib/gcc/arm-none-eabi/12.2.1/../../../../arm-none-eabi/lib/thumb/v7e-m+fp/hard\libc_nano.a(libc_a-impure.o)
 .ARM.attributes
                0x000000000000075f       0x34 c:/users/kevin/appdata/roaming/code/user/globalstorage/bmd.stm32-for-vscode/@xpack-dev-tools/arm-none-eabi-gcc/12.2.1-1.2.1/.content/bin/../lib/gcc/arm-none-eabi/12.2.1/../../../../arm-none-eabi/lib/thumb/v7e-m+fp/hard\libc_nano.a(libc_a-sbrkr.o)
 .ARM.attributes
                0x0000000000000793       0x34 c:/users/kevin/appdata/roaming/code/user/globalstorage/bmd.stm32-for-vscode/@xpack-dev-tools/arm-none-eabi-gcc/12.2.1-1.2.1/.content/bin/../lib/gcc/arm-none-eabi/12.2.1/../../../../arm-none-eabi/lib/thumb/v7e-m+fp/hard\libc_nano.a(libc_a-errno.o)
 .ARM.attributes
                0x00000000000007c7       0x34 c:/users/kevin/appdata/roaming/code/user/globalstorage/bmd.stm32-for-vscode/@xpack-dev-tools/arm-none-eabi-gcc/12.2.1-1.2.1/.content/bin/../lib/gcc/arm-none-eabi/12.2.1/../../../../arm-none-eabi/lib/thumb/v7e-m+fp/hard\libc_nano.a(libc_a-init.o)
 .ARM.attributes
                0x00000000000007fb       0x34 c:/users/kevin/appdata/roaming/code/user/globalstorage/bmd.stm32-for-vscode/@xpack-dev-tools/arm-none-eabi-gcc/12.2.1-1.2.1/.content/bin/../lib/gcc/arm-none-eabi/12.2.1/../../../../arm-none-eabi/lib/thumb/v7e-m+fp/hard\libc_nano.a(libc_a-lock.o)
 .ARM.attributes
                0x000000000000082f       0x20 c:/users/kevin/appdata/roaming/code/user/globalstorage/bmd.stm32-for-vscode/@xpack-dev-tools/arm-none-eabi-gcc/12.2.1-1.2.1/.content/bin/../lib/gcc/arm-none-eabi/12.2.1/../../../../arm-none-eabi/lib/thumb/v7e-m+fp/hard\libc_nano.a(libc_a-strcmp.o)
 .ARM.attributes
                0x000000000000084f       0x34 c:/users/kevin/appdata/roaming/code/user/globalstorage/bmd.stm32-for-vscode/@xpack-dev-tools/arm-none-eabi-gcc/12.2.1-1.2.1/.content/bin/../lib/gcc/arm-none-eabi/12.2.1/../../../../arm-none-eabi/lib/thumb/v7e-m+fp/hard\libc_nano.a(libc_a-strcpy.o)
 .ARM.attributes
                0x0000000000000883       0x17 c:/users/kevin/appdata/roaming/code/user/globalstorage/bmd.stm32-for-vscode/@xpack-dev-tools/arm-none-eabi-gcc/12.2.1-1.2.1/.content/bin/../lib/gcc/arm-none-eabi/12.2.1/../../../../arm-none-eabi/lib/thumb/v7e-m+fp/hard\libc_nano.a(libc_a-strlen.o)
 .ARM.attributes
                0x000000000000089a       0x34 c:/users/kevin/appdata/roaming/code/user/globalstorage/bmd.stm32-for-vscode/@xpack-dev-tools/arm-none-eabi-gcc/12.2.1-1.2.1/.content/bin/../lib/gcc/arm-none-eabi/12.2.1/../../../../arm-none-eabi/lib/thumb/v7e-m+fp/hard\libc_nano.a(libc_a-freer.o)
 .ARM.attributes
                0x00000000000008ce       0x34 c:/users/kevin/appdata/roaming/code/user/globalstorage/bmd.stm32-for-vscode/@xpack-dev-tools/arm-none-eabi-gcc/12.2.1-1.2.1/.content/bin/../lib/gcc/arm-none-eabi/12.2.1/../../../../arm-none-eabi/lib/thumb/v7e-m+fp/hard\libc_nano.a(libc_a-nano-svfprintf.o)
 .ARM.attributes
                0x0000000000000902       0x34 c:/users/kevin/appdata/roaming/code/user/globalstorage/bmd.stm32-for-vscode/@xpack-dev-tools/arm-none-eabi-gcc/12.2.1-1.2.1/.content/bin/../lib/gcc/arm-none-eabi/12.2.1/../../../../arm-none-eabi/lib/thumb/v7e-m+fp/hard\libc_nano.a(libc_a-nano-vfprintf_i.o)
 .ARM.attributes
                0x0000000000000936       0x34 c:/users/kevin/appdata/roaming/code/user/globalstorage/bmd.stm32-for-vscode/@xpack-dev-tools/arm-none-eabi-gcc/12.2.1-1.2.1/.content/bin/../lib/gcc/arm-none-eabi/12.2.1/../../../../arm-none-eabi/lib/thumb/v7e-m+fp/hard\libc_nano.a(libc_a-memmove.o)
 .ARM.attributes
                0x000000000000096a       0x1c c:/users/kevin/appdata/roaming/code/user/globalstorage/bmd.stm32-for-vscode/@xpack-dev-tools/arm-none-eabi-gcc/12.2.1-1.2.1/.content/bin/../lib/gcc/arm-none-eabi/12.2.1/../../../../arm-none-eabi/lib/thumb/v7e-m+fp/hard\libc_nano.a(libc_a-memchr.o)
 .ARM.attributes
                0x0000000000000986       0x34 c:/users/kevin/appdata/roaming/code/user/globalstorage/bmd.stm32-for-vscode/@xpack-dev-tools/arm-none-eabi-gcc/12.2.1-1.2.1/.content/bin/../lib/gcc/arm-none-eabi/12.2.1/../../../../arm-none-eabi/lib/thumb/v7e-m+fp/hard\libc_nano.a(libc_a-memcpy-stub.o)
 .ARM.attributes
                0x00000000000009ba       0x34 c:/users/kevin/appdata/roaming/code/user/globalstorage/bmd.stm32-for-vscode/@xpack-dev-tools/arm-none-eabi-gcc/12.2.1-1.2.1/.content/bin/../lib/gcc/arm-none-eabi/12.2.1/../../../../arm-none-eabi/lib/thumb/v7e-m+fp/hard\libc_nano.a(libc_a-reallocr.o)
 .ARM.attributes
                0x00000000000009ee       0x34 c:/users/kevin/appdata/roaming/code/user/globalstorage/bmd.stm32-for-vscode/@xpack-dev-tools/arm-none-eabi-gcc/12.2.1-1.2.1/.content/bin/../lib/gcc/arm-none-eabi/12.2.1/../../../../arm-none-eabi/lib/thumb/v7e-m+fp/hard\libc_nano.a(libc_a-msizer.o)
 .ARM.attributes
                0x0000000000000a22       0x34 c:/users/kevin/appdata/roaming/code/user/globalstorage/bmd.stm32-for-vscode/@xpack-dev-tools/arm-none-eabi-gcc/12.2.1-1.2.1/.content/bin/../lib/gcc/arm-none-eabi/12.2.1/../../../../arm-none-eabi/lib/thumb/v7e-m+fp/hard\libnosys.a(sbrk.o)
 .ARM.attributes
                0x0000000000000a56       0x22 c:/users/kevin/appdata/roaming/code/user/globalstorage/bmd.stm32-for-vscode/@xpack-dev-tools/arm-none-eabi-gcc/12.2.1-1.2.1/.content/bin/../lib/gcc/arm-none-eabi/12.2.1/thumb/v7e-m+fp/hard\libgcc.a(_aeabi_uldivmod.o)
 .ARM.attributes
                0x0000000000000a78       0x34 c:/users/kevin/appdata/roaming/code/user/globalstorage/bmd.stm32-for-vscode/@xpack-dev-tools/arm-none-eabi-gcc/12.2.1-1.2.1/.content/bin/../lib/gcc/arm-none-eabi/12.2.1/thumb/v7e-m+fp/hard\libgcc.a(_udivmoddi4.o)
 .ARM.attributes
                0x0000000000000aac       0x22 c:/users/kevin/appdata/roaming/code/user/globalstorage/bmd.stm32-for-vscode/@xpack-dev-tools/arm-none-eabi-gcc/12.2.1-1.2.1/.content/bin/../lib/gcc/arm-none-eabi/12.2.1/thumb/v7e-m+fp/hard\libgcc.a(_dvmd_tls.o)
 .ARM.attributes
                0x0000000000000ace       0x22 c:/users/kevin/appdata/roaming/code/user/globalstorage/bmd.stm32-for-vscode/@xpack-dev-tools/arm-none-eabi-gcc/12.2.1-1.2.1/.content/bin/../lib/gcc/arm-none-eabi/12.2.1/thumb/v7e-m+fp/hard/crtn.o

MAPPING_TABLE
 *(MAPPING_TABLE)

MB_MEM1
 *(MB_MEM1)
                0x0000000008003fc4                _siMB_MEM2 = LOADADDR (.MB_MEM2)

.MB_MEM2        0x0000000020030000        0x0 load address 0x0000000008003fc4
                0x0000000020030000                _sMB_MEM2 = .
 *(MB_MEM2)
                0x0000000020030000                _eMB_MEM2 = .
OUTPUT(build/calculator.elf elf32-littlearm)
LOAD linker stubs
LOAD c:/users/kevin/appdata/roaming/code/user/globalstorage/bmd.stm32-for-vscode/@xpack-dev-tools/arm-none-eabi-gcc/12.2.1-1.2.1/.content/bin/../lib/gcc/arm-none-eabi/12.2.1/../../../../arm-none-eabi/lib/thumb/v7e-m+fp/hard\libc.a
LOAD c:/users/kevin/appdata/roaming/code/user/globalstorage/bmd.stm32-for-vscode/@xpack-dev-tools/arm-none-eabi-gcc/12.2.1-1.2.1/.content/bin/../lib/gcc/arm-none-eabi/12.2.1/../../../../arm-none-eabi/lib/thumb/v7e-m+fp/hard\libm.a
LOAD c:/users/kevin/appdata/roaming/code/user/globalstorage/bmd.stm32-for-vscode/@xpack-dev-tools/arm-none-eabi-gcc/12.2.1-1.2.1/.content/bin/../lib/gcc/arm-none-eabi/12.2.1/thumb/v7e-m+fp/hard\libgcc.a

.comment        0x0000000000000000       0x39
 .comment       0x0000000000000000       0x39 c:/users/kevin/appdata/roaming/code/user/globalstorage/bmd.stm32-for-vscode/@xpack-dev-tools/arm-none-eabi-gcc/12.2.1-1.2.1/.content/bin/../lib/gcc/arm-none-eabi/12.2.1/thumb/v7e-m+fp/hard/crtbegin.o
                                         0x3a (size before relaxing)
 .comment       0x0000000000000039       0x3a build/DWT_Delay.o
 .comment       0x0000000000000039       0x3a build/LCD16x2.o
 .comment       0x0000000000000039       0x3a build/gpio.o
 .comment       0x0000000000000039       0x3a build/main.o
 .comment       0x0000000000000039       0x3a build/memorymap.o
 .comment       0x0000000000000039       0x3a build/stm32wbxx_hal_msp.o
 .comment       0x0000000000000039       0x3a build/stm32wbxx_it.o
 .comment       0x0000000000000039       0x3a build/system_stm32wbxx.o
 .comment       0x0000000000000039       0x3a build/usart.o
 .comment       0x0000000000000039       0x3a build/usb.o
 .comment       0x0000000000000039       0x3a build/stm32wbxx_hal.o
 .comment       0x0000000000000039       0x3a build/stm32wbxx_hal_cortex.o
 .comment       0x0000000000000039       0x3a build/stm32wbxx_hal_gpio.o
 .comment       0x0000000000000039       0x3a build/stm32wbxx_hal_pcd.o
 .comment       0x0000000000000039       0x3a build/stm32wbxx_hal_pcd_ex.o
 .comment       0x0000000000000039       0x3a build/stm32wbxx_hal_pwr.o
 .comment       0x0000000000000039       0x3a build/stm32wbxx_hal_pwr_ex.o
 .comment       0x0000000000000039       0x3a build/stm32wbxx_hal_rcc.o
 .comment       0x0000000000000039       0x3a build/stm32wbxx_hal_rcc_ex.o
 .comment       0x0000000000000039       0x3a build/stm32wbxx_hal_uart.o
 .comment       0x0000000000000039       0x3a build/stm32wbxx_hal_uart_ex.o
 .comment       0x0000000000000039       0x3a build/stm32wbxx_ll_usb.o
 .comment       0x0000000000000039       0x3a c:/users/kevin/appdata/roaming/code/user/globalstorage/bmd.stm32-for-vscode/@xpack-dev-tools/arm-none-eabi-gcc/12.2.1-1.2.1/.content/bin/../lib/gcc/arm-none-eabi/12.2.1/../../../../arm-none-eabi/lib/thumb/v7e-m+fp/hard\libc_nano.a(libc_a-atoi.o)
 .comment       0x0000000000000039       0x3a c:/users/kevin/appdata/roaming/code/user/globalstorage/bmd.stm32-for-vscode/@xpack-dev-tools/arm-none-eabi-gcc/12.2.1-1.2.1/.content/bin/../lib/gcc/arm-none-eabi/12.2.1/../../../../arm-none-eabi/lib/thumb/v7e-m+fp/hard\libc_nano.a(libc_a-malloc.o)
 .comment       0x0000000000000039       0x3a c:/users/kevin/appdata/roaming/code/user/globalstorage/bmd.stm32-for-vscode/@xpack-dev-tools/arm-none-eabi-gcc/12.2.1-1.2.1/.content/bin/../lib/gcc/arm-none-eabi/12.2.1/../../../../arm-none-eabi/lib/thumb/v7e-m+fp/hard\libc_nano.a(libc_a-mallocr.o)
 .comment       0x0000000000000039       0x3a c:/users/kevin/appdata/roaming/code/user/globalstorage/bmd.stm32-for-vscode/@xpack-dev-tools/arm-none-eabi-gcc/12.2.1-1.2.1/.content/bin/../lib/gcc/arm-none-eabi/12.2.1/../../../../arm-none-eabi/lib/thumb/v7e-m+fp/hard\libc_nano.a(libc_a-mlock.o)
 .comment       0x0000000000000039       0x3a c:/users/kevin/appdata/roaming/code/user/globalstorage/bmd.stm32-for-vscode/@xpack-dev-tools/arm-none-eabi-gcc/12.2.1-1.2.1/.content/bin/../lib/gcc/arm-none-eabi/12.2.1/../../../../arm-none-eabi/lib/thumb/v7e-m+fp/hard\libc_nano.a(libc_a-strtol.o)
 .comment       0x0000000000000039       0x3a c:/users/kevin/appdata/roaming/code/user/globalstorage/bmd.stm32-for-vscode/@xpack-dev-tools/arm-none-eabi-gcc/12.2.1-1.2.1/.content/bin/../lib/gcc/arm-none-eabi/12.2.1/../../../../arm-none-eabi/lib/thumb/v7e-m+fp/hard\libc_nano.a(libc_a-ctype_.o)
 .comment       0x0000000000000039       0x3a c:/users/kevin/appdata/roaming/code/user/globalstorage/bmd.stm32-for-vscode/@xpack-dev-tools/arm-none-eabi-gcc/12.2.1-1.2.1/.content/bin/../lib/gcc/arm-none-eabi/12.2.1/../../../../arm-none-eabi/lib/thumb/v7e-m+fp/hard\libc_nano.a(libc_a-findfp.o)
 .comment       0x0000000000000039       0x3a c:/users/kevin/appdata/roaming/code/user/globalstorage/bmd.stm32-for-vscode/@xpack-dev-tools/arm-none-eabi-gcc/12.2.1-1.2.1/.content/bin/../lib/gcc/arm-none-eabi/12.2.1/../../../../arm-none-eabi/lib/thumb/v7e-m+fp/hard\libc_nano.a(libc_a-sprintf.o)
 .comment       0x0000000000000039       0x3a c:/users/kevin/appdata/roaming/code/user/globalstorage/bmd.stm32-for-vscode/@xpack-dev-tools/arm-none-eabi-gcc/12.2.1-1.2.1/.content/bin/../lib/gcc/arm-none-eabi/12.2.1/../../../../arm-none-eabi/lib/thumb/v7e-m+fp/hard\libc_nano.a(libc_a-memset.o)
 .comment       0x0000000000000039       0x3a c:/users/kevin/appdata/roaming/code/user/globalstorage/bmd.stm32-for-vscode/@xpack-dev-tools/arm-none-eabi-gcc/12.2.1-1.2.1/.content/bin/../lib/gcc/arm-none-eabi/12.2.1/../../../../arm-none-eabi/lib/thumb/v7e-m+fp/hard\libc_nano.a(libc_a-strcat.o)
 .comment       0x0000000000000039       0x3a c:/users/kevin/appdata/roaming/code/user/globalstorage/bmd.stm32-for-vscode/@xpack-dev-tools/arm-none-eabi-gcc/12.2.1-1.2.1/.content/bin/../lib/gcc/arm-none-eabi/12.2.1/../../../../arm-none-eabi/lib/thumb/v7e-m+fp/hard\libc_nano.a(libc_a-reent.o)
 .comment       0x0000000000000039       0x3a c:/users/kevin/appdata/roaming/code/user/globalstorage/bmd.stm32-for-vscode/@xpack-dev-tools/arm-none-eabi-gcc/12.2.1-1.2.1/.content/bin/../lib/gcc/arm-none-eabi/12.2.1/../../../../arm-none-eabi/lib/thumb/v7e-m+fp/hard\libc_nano.a(libc_a-impure.o)
 .comment       0x0000000000000039       0x3a c:/users/kevin/appdata/roaming/code/user/globalstorage/bmd.stm32-for-vscode/@xpack-dev-tools/arm-none-eabi-gcc/12.2.1-1.2.1/.content/bin/../lib/gcc/arm-none-eabi/12.2.1/../../../../arm-none-eabi/lib/thumb/v7e-m+fp/hard\libc_nano.a(libc_a-sbrkr.o)
 .comment       0x0000000000000039       0x3a c:/users/kevin/appdata/roaming/code/user/globalstorage/bmd.stm32-for-vscode/@xpack-dev-tools/arm-none-eabi-gcc/12.2.1-1.2.1/.content/bin/../lib/gcc/arm-none-eabi/12.2.1/../../../../arm-none-eabi/lib/thumb/v7e-m+fp/hard\libc_nano.a(libc_a-errno.o)
 .comment       0x0000000000000039       0x3a c:/users/kevin/appdata/roaming/code/user/globalstorage/bmd.stm32-for-vscode/@xpack-dev-tools/arm-none-eabi-gcc/12.2.1-1.2.1/.content/bin/../lib/gcc/arm-none-eabi/12.2.1/../../../../arm-none-eabi/lib/thumb/v7e-m+fp/hard\libc_nano.a(libc_a-init.o)
 .comment       0x0000000000000039       0x3a c:/users/kevin/appdata/roaming/code/user/globalstorage/bmd.stm32-for-vscode/@xpack-dev-tools/arm-none-eabi-gcc/12.2.1-1.2.1/.content/bin/../lib/gcc/arm-none-eabi/12.2.1/../../../../arm-none-eabi/lib/thumb/v7e-m+fp/hard\libc_nano.a(libc_a-lock.o)
 .comment       0x0000000000000039       0x3a c:/users/kevin/appdata/roaming/code/user/globalstorage/bmd.stm32-for-vscode/@xpack-dev-tools/arm-none-eabi-gcc/12.2.1-1.2.1/.content/bin/../lib/gcc/arm-none-eabi/12.2.1/../../../../arm-none-eabi/lib/thumb/v7e-m+fp/hard\libc_nano.a(libc_a-strcpy.o)
 .comment       0x0000000000000039       0x3a c:/users/kevin/appdata/roaming/code/user/globalstorage/bmd.stm32-for-vscode/@xpack-dev-tools/arm-none-eabi-gcc/12.2.1-1.2.1/.content/bin/../lib/gcc/arm-none-eabi/12.2.1/../../../../arm-none-eabi/lib/thumb/v7e-m+fp/hard\libc_nano.a(libc_a-freer.o)
 .comment       0x0000000000000039       0x3a c:/users/kevin/appdata/roaming/code/user/globalstorage/bmd.stm32-for-vscode/@xpack-dev-tools/arm-none-eabi-gcc/12.2.1-1.2.1/.content/bin/../lib/gcc/arm-none-eabi/12.2.1/../../../../arm-none-eabi/lib/thumb/v7e-m+fp/hard\libc_nano.a(libc_a-nano-svfprintf.o)
 .comment       0x0000000000000039       0x3a c:/users/kevin/appdata/roaming/code/user/globalstorage/bmd.stm32-for-vscode/@xpack-dev-tools/arm-none-eabi-gcc/12.2.1-1.2.1/.content/bin/../lib/gcc/arm-none-eabi/12.2.1/../../../../arm-none-eabi/lib/thumb/v7e-m+fp/hard\libc_nano.a(libc_a-nano-vfprintf_i.o)
 .comment       0x0000000000000039       0x3a c:/users/kevin/appdata/roaming/code/user/globalstorage/bmd.stm32-for-vscode/@xpack-dev-tools/arm-none-eabi-gcc/12.2.1-1.2.1/.content/bin/../lib/gcc/arm-none-eabi/12.2.1/../../../../arm-none-eabi/lib/thumb/v7e-m+fp/hard\libc_nano.a(libc_a-memmove.o)
 .comment       0x0000000000000039       0x3a c:/users/kevin/appdata/roaming/code/user/globalstorage/bmd.stm32-for-vscode/@xpack-dev-tools/arm-none-eabi-gcc/12.2.1-1.2.1/.content/bin/../lib/gcc/arm-none-eabi/12.2.1/../../../../arm-none-eabi/lib/thumb/v7e-m+fp/hard\libc_nano.a(libc_a-memcpy-stub.o)
 .comment       0x0000000000000039       0x3a c:/users/kevin/appdata/roaming/code/user/globalstorage/bmd.stm32-for-vscode/@xpack-dev-tools/arm-none-eabi-gcc/12.2.1-1.2.1/.content/bin/../lib/gcc/arm-none-eabi/12.2.1/../../../../arm-none-eabi/lib/thumb/v7e-m+fp/hard\libc_nano.a(libc_a-reallocr.o)
 .comment       0x0000000000000039       0x3a c:/users/kevin/appdata/roaming/code/user/globalstorage/bmd.stm32-for-vscode/@xpack-dev-tools/arm-none-eabi-gcc/12.2.1-1.2.1/.content/bin/../lib/gcc/arm-none-eabi/12.2.1/../../../../arm-none-eabi/lib/thumb/v7e-m+fp/hard\libc_nano.a(libc_a-msizer.o)
 .comment       0x0000000000000039       0x3a c:/users/kevin/appdata/roaming/code/user/globalstorage/bmd.stm32-for-vscode/@xpack-dev-tools/arm-none-eabi-gcc/12.2.1-1.2.1/.content/bin/../lib/gcc/arm-none-eabi/12.2.1/../../../../arm-none-eabi/lib/thumb/v7e-m+fp/hard\libnosys.a(sbrk.o)
 .comment       0x0000000000000039       0x3a c:/users/kevin/appdata/roaming/code/user/globalstorage/bmd.stm32-for-vscode/@xpack-dev-tools/arm-none-eabi-gcc/12.2.1-1.2.1/.content/bin/../lib/gcc/arm-none-eabi/12.2.1/thumb/v7e-m+fp/hard\libgcc.a(_udivmoddi4.o)

.debug_info     0x0000000000000000    0x1b722
 .debug_info    0x0000000000000000      0x228 build/DWT_Delay.o
 .debug_info    0x0000000000000228      0xba8 build/LCD16x2.o
 .debug_info    0x0000000000000dd0      0x972 build/gpio.o
 .debug_info    0x0000000000001742     0x205f build/main.o
 .debug_info    0x00000000000037a1       0x86 build/memorymap.o
 .debug_info    0x0000000000003827       0x86 build/stm32wbxx_hal_msp.o
 .debug_info    0x00000000000038ad      0x1a9 build/stm32wbxx_it.o
 .debug_info    0x0000000000003a56      0x71d build/system_stm32wbxx.o
 .debug_info    0x0000000000004173     0x10b1 build/usart.o
 .debug_info    0x0000000000005224      0xe1d build/usb.o
 .debug_info    0x0000000000006041     0x1668 build/stm32wbxx_hal.o
 .debug_info    0x00000000000076a9      0xe92 build/stm32wbxx_hal_cortex.o
 .debug_info    0x000000000000853b      0x6e5 build/stm32wbxx_hal_gpio.o
 .debug_info    0x0000000000008c20     0x1b91 build/stm32wbxx_hal_pcd.o
 .debug_info    0x000000000000a7b1      0x973 build/stm32wbxx_hal_pcd_ex.o
 .debug_info    0x000000000000b124      0x9ed build/stm32wbxx_hal_pwr.o
 .debug_info    0x000000000000bb11     0x138e build/stm32wbxx_hal_pwr_ex.o
 .debug_info    0x000000000000ce9f     0x2120 build/stm32wbxx_hal_rcc.o
 .debug_info    0x000000000000efbf     0x3066 build/stm32wbxx_hal_rcc_ex.o
 .debug_info    0x0000000000012025     0x6360 build/stm32wbxx_hal_uart.o
 .debug_info    0x0000000000018385     0x124a build/stm32wbxx_hal_uart_ex.o
 .debug_info    0x00000000000195cf     0x19cb build/stm32wbxx_ll_usb.o
 .debug_info    0x000000000001af9a       0x2e build/startup_stm32wb55xx_cm4.o
 .debug_info    0x000000000001afc8       0x24 c:/users/kevin/appdata/roaming/code/user/globalstorage/bmd.stm32-for-vscode/@xpack-dev-tools/arm-none-eabi-gcc/12.2.1-1.2.1/.content/bin/../lib/gcc/arm-none-eabi/12.2.1/thumb/v7e-m+fp/hard\libgcc.a(_aeabi_uldivmod.o)
 .debug_info    0x000000000001afec      0x6fd c:/users/kevin/appdata/roaming/code/user/globalstorage/bmd.stm32-for-vscode/@xpack-dev-tools/arm-none-eabi-gcc/12.2.1-1.2.1/.content/bin/../lib/gcc/arm-none-eabi/12.2.1/thumb/v7e-m+fp/hard\libgcc.a(_udivmoddi4.o)
 .debug_info    0x000000000001b6e9       0x39 c:/users/kevin/appdata/roaming/code/user/globalstorage/bmd.stm32-for-vscode/@xpack-dev-tools/arm-none-eabi-gcc/12.2.1-1.2.1/.content/bin/../lib/gcc/arm-none-eabi/12.2.1/thumb/v7e-m+fp/hard\libgcc.a(_dvmd_tls.o)

.debug_abbrev   0x0000000000000000     0x36bc
 .debug_abbrev  0x0000000000000000       0xa9 build/DWT_Delay.o
 .debug_abbrev  0x00000000000000a9      0x1e8 build/LCD16x2.o
 .debug_abbrev  0x0000000000000291      0x1e1 build/gpio.o
 .debug_abbrev  0x0000000000000472      0x36e build/main.o
 .debug_abbrev  0x00000000000007e0       0x43 build/memorymap.o
 .debug_abbrev  0x0000000000000823       0x43 build/stm32wbxx_hal_msp.o
 .debug_abbrev  0x0000000000000866       0xc6 build/stm32wbxx_it.o
 .debug_abbrev  0x000000000000092c      0x13f build/system_stm32wbxx.o
 .debug_abbrev  0x0000000000000a6b      0x2a0 build/usart.o
 .debug_abbrev  0x0000000000000d0b      0x29e build/usb.o
 .debug_abbrev  0x0000000000000fa9      0x3b1 build/stm32wbxx_hal.o
 .debug_abbrev  0x000000000000135a      0x390 build/stm32wbxx_hal_cortex.o
 .debug_abbrev  0x00000000000016ea      0x201 build/stm32wbxx_hal_gpio.o
 .debug_abbrev  0x00000000000018eb      0x2e2 build/stm32wbxx_hal_pcd.o
 .debug_abbrev  0x0000000000001bcd      0x26d build/stm32wbxx_hal_pcd_ex.o
 .debug_abbrev  0x0000000000001e3a      0x233 build/stm32wbxx_hal_pwr.o
 .debug_abbrev  0x000000000000206d      0x369 build/stm32wbxx_hal_pwr_ex.o
 .debug_abbrev  0x00000000000023d6      0x360 build/stm32wbxx_hal_rcc.o
 .debug_abbrev  0x0000000000002736      0x474 build/stm32wbxx_hal_rcc_ex.o
 .debug_abbrev  0x0000000000002baa      0x34e build/stm32wbxx_hal_uart.o
 .debug_abbrev  0x0000000000002ef8      0x344 build/stm32wbxx_hal_uart_ex.o
 .debug_abbrev  0x000000000000323c      0x2c6 build/stm32wbxx_ll_usb.o
 .debug_abbrev  0x0000000000003502       0x1d build/startup_stm32wb55xx_cm4.o
 .debug_abbrev  0x000000000000351f       0x14 c:/users/kevin/appdata/roaming/code/user/globalstorage/bmd.stm32-for-vscode/@xpack-dev-tools/arm-none-eabi-gcc/12.2.1-1.2.1/.content/bin/../lib/gcc/arm-none-eabi/12.2.1/thumb/v7e-m+fp/hard\libgcc.a(_aeabi_uldivmod.o)
 .debug_abbrev  0x0000000000003533      0x16a c:/users/kevin/appdata/roaming/code/user/globalstorage/bmd.stm32-for-vscode/@xpack-dev-tools/arm-none-eabi-gcc/12.2.1-1.2.1/.content/bin/../lib/gcc/arm-none-eabi/12.2.1/thumb/v7e-m+fp/hard\libgcc.a(_udivmoddi4.o)
 .debug_abbrev  0x000000000000369d       0x1f c:/users/kevin/appdata/roaming/code/user/globalstorage/bmd.stm32-for-vscode/@xpack-dev-tools/arm-none-eabi-gcc/12.2.1-1.2.1/.content/bin/../lib/gcc/arm-none-eabi/12.2.1/thumb/v7e-m+fp/hard\libgcc.a(_dvmd_tls.o)

.debug_aranges  0x0000000000000000      0xed0
 .debug_aranges
                0x0000000000000000       0x20 build/DWT_Delay.o
 .debug_aranges
                0x0000000000000020       0x80 build/LCD16x2.o
 .debug_aranges
                0x00000000000000a0       0x20 build/gpio.o
 .debug_aranges
                0x00000000000000c0       0x48 build/main.o
 .debug_aranges
                0x0000000000000108       0x20 build/memorymap.o
 .debug_aranges
                0x0000000000000128       0x20 build/stm32wbxx_hal_msp.o
 .debug_aranges
                0x0000000000000148       0x68 build/stm32wbxx_it.o
 .debug_aranges
                0x00000000000001b0       0x28 build/system_stm32wbxx.o
 .debug_aranges
                0x00000000000001d8       0x30 build/usart.o
 .debug_aranges
                0x0000000000000208       0x30 build/usb.o
 .debug_aranges
                0x0000000000000238      0x158 build/stm32wbxx_hal.o
 .debug_aranges
                0x0000000000000390       0xd8 build/stm32wbxx_hal_cortex.o
 .debug_aranges
                0x0000000000000468       0x60 build/stm32wbxx_hal_gpio.o
 .debug_aranges
                0x00000000000004c8      0x138 build/stm32wbxx_hal_pcd.o
 .debug_aranges
                0x0000000000000600       0x58 build/stm32wbxx_hal_pcd_ex.o
 .debug_aranges
                0x0000000000000658       0x98 build/stm32wbxx_hal_pwr.o
 .debug_aranges
                0x00000000000006f0      0x1b8 build/stm32wbxx_hal_pwr_ex.o
 .debug_aranges
                0x00000000000008a8       0xa8 build/stm32wbxx_hal_rcc.o
 .debug_aranges
                0x0000000000000950      0x138 build/stm32wbxx_hal_rcc_ex.o
 .debug_aranges
                0x0000000000000a88      0x248 build/stm32wbxx_hal_uart.o
 .debug_aranges
                0x0000000000000cd0       0xa8 build/stm32wbxx_hal_uart_ex.o
 .debug_aranges
                0x0000000000000d78       0xc8 build/stm32wbxx_ll_usb.o
 .debug_aranges
                0x0000000000000e40       0x30 build/startup_stm32wb55xx_cm4.o
 .debug_aranges
                0x0000000000000e70       0x20 c:/users/kevin/appdata/roaming/code/user/globalstorage/bmd.stm32-for-vscode/@xpack-dev-tools/arm-none-eabi-gcc/12.2.1-1.2.1/.content/bin/../lib/gcc/arm-none-eabi/12.2.1/thumb/v7e-m+fp/hard\libgcc.a(_aeabi_uldivmod.o)
 .debug_aranges
                0x0000000000000e90       0x20 c:/users/kevin/appdata/roaming/code/user/globalstorage/bmd.stm32-for-vscode/@xpack-dev-tools/arm-none-eabi-gcc/12.2.1-1.2.1/.content/bin/../lib/gcc/arm-none-eabi/12.2.1/thumb/v7e-m+fp/hard\libgcc.a(_udivmoddi4.o)
 .debug_aranges
                0x0000000000000eb0       0x20 c:/users/kevin/appdata/roaming/code/user/globalstorage/bmd.stm32-for-vscode/@xpack-dev-tools/arm-none-eabi-gcc/12.2.1-1.2.1/.content/bin/../lib/gcc/arm-none-eabi/12.2.1/thumb/v7e-m+fp/hard\libgcc.a(_dvmd_tls.o)

.debug_rnglists
                0x0000000000000000      0xf49
 .debug_rnglists
                0x0000000000000000       0x13 build/DWT_Delay.o
 .debug_rnglists
                0x0000000000000013       0x5c build/LCD16x2.o
 .debug_rnglists
                0x000000000000006f       0x14 build/gpio.o
 .debug_rnglists
                0x0000000000000083       0x35 build/main.o
 .debug_rnglists
                0x00000000000000b8       0x13 build/memorymap.o
 .debug_rnglists
                0x00000000000000cb       0x13 build/stm32wbxx_hal_msp.o
 .debug_rnglists
                0x00000000000000de       0x49 build/stm32wbxx_it.o
 .debug_rnglists
                0x0000000000000127       0x1a build/system_stm32wbxx.o
 .debug_rnglists
                0x0000000000000141       0x20 build/usart.o
 .debug_rnglists
                0x0000000000000161       0x20 build/usb.o
 .debug_rnglists
                0x0000000000000181      0x109 build/stm32wbxx_hal.o
 .debug_rnglists
                0x000000000000028a       0x9d build/stm32wbxx_hal_cortex.o
 .debug_rnglists
                0x0000000000000327       0x45 build/stm32wbxx_hal_gpio.o
 .debug_rnglists
                0x000000000000036c      0x166 build/stm32wbxx_hal_pcd.o
 .debug_rnglists
                0x00000000000004d2       0x3e build/stm32wbxx_hal_pcd_ex.o
 .debug_rnglists
                0x0000000000000510       0x6e build/stm32wbxx_hal_pwr.o
 .debug_rnglists
                0x000000000000057e      0x161 build/stm32wbxx_hal_pwr_ex.o
 .debug_rnglists
                0x00000000000006df      0x114 build/stm32wbxx_hal_rcc.o
 .debug_rnglists
                0x00000000000007f3      0x272 build/stm32wbxx_hal_rcc_ex.o
 .debug_rnglists
                0x0000000000000a65      0x1cb build/stm32wbxx_hal_uart.o
 .debug_rnglists
                0x0000000000000c30       0x88 build/stm32wbxx_hal_uart_ex.o
 .debug_rnglists
                0x0000000000000cb8      0x1d7 build/stm32wbxx_ll_usb.o
 .debug_rnglists
                0x0000000000000e8f       0x1f build/startup_stm32wb55xx_cm4.o
 .debug_rnglists
                0x0000000000000eae       0x9b c:/users/kevin/appdata/roaming/code/user/globalstorage/bmd.stm32-for-vscode/@xpack-dev-tools/arm-none-eabi-gcc/12.2.1-1.2.1/.content/bin/../lib/gcc/arm-none-eabi/12.2.1/thumb/v7e-m+fp/hard\libgcc.a(_udivmoddi4.o)

.debug_line     0x0000000000000000    0x1430d
 .debug_line    0x0000000000000000      0x217 build/DWT_Delay.o
 .debug_line    0x0000000000000217      0x4fb build/LCD16x2.o
 .debug_line    0x0000000000000712      0x38f build/gpio.o
 .debug_line    0x0000000000000aa1      0xb20 build/main.o
 .debug_line    0x00000000000015c1       0x49 build/memorymap.o
 .debug_line    0x000000000000160a       0x52 build/stm32wbxx_hal_msp.o
 .debug_line    0x000000000000165c      0x30e build/stm32wbxx_it.o
 .debug_line    0x000000000000196a      0x376 build/system_stm32wbxx.o
 .debug_line    0x0000000000001ce0      0x477 build/usart.o
 .debug_line    0x0000000000002157      0x456 build/usb.o
 .debug_line    0x00000000000025ad      0xa8d build/stm32wbxx_hal.o
 .debug_line    0x000000000000303a      0x878 build/stm32wbxx_hal_cortex.o
 .debug_line    0x00000000000038b2      0x751 build/stm32wbxx_hal_gpio.o
 .debug_line    0x0000000000004003     0x1991 build/stm32wbxx_hal_pcd.o
 .debug_line    0x0000000000005994      0x4e9 build/stm32wbxx_hal_pcd_ex.o
 .debug_line    0x0000000000005e7d      0x562 build/stm32wbxx_hal_pwr.o
 .debug_line    0x00000000000063df      0xe22 build/stm32wbxx_hal_pwr_ex.o
 .debug_line    0x0000000000007201     0x199d build/stm32wbxx_hal_rcc.o
 .debug_line    0x0000000000008b9e     0x2568 build/stm32wbxx_hal_rcc_ex.o
 .debug_line    0x000000000000b106     0x6493 build/stm32wbxx_hal_uart.o
 .debug_line    0x0000000000011599      0xd32 build/stm32wbxx_hal_uart_ex.o
 .debug_line    0x00000000000122cb     0x1976 build/stm32wbxx_ll_usb.o
 .debug_line    0x0000000000013c41       0x7f build/startup_stm32wb55xx_cm4.o
 .debug_line    0x0000000000013cc0       0x4e c:/users/kevin/appdata/roaming/code/user/globalstorage/bmd.stm32-for-vscode/@xpack-dev-tools/arm-none-eabi-gcc/12.2.1-1.2.1/.content/bin/../lib/gcc/arm-none-eabi/12.2.1/thumb/v7e-m+fp/hard\libgcc.a(_aeabi_uldivmod.o)
 .debug_line    0x0000000000013d0e      0x5b5 c:/users/kevin/appdata/roaming/code/user/globalstorage/bmd.stm32-for-vscode/@xpack-dev-tools/arm-none-eabi-gcc/12.2.1-1.2.1/.content/bin/../lib/gcc/arm-none-eabi/12.2.1/thumb/v7e-m+fp/hard\libgcc.a(_udivmoddi4.o)
 .debug_line    0x00000000000142c3       0x4a c:/users/kevin/appdata/roaming/code/user/globalstorage/bmd.stm32-for-vscode/@xpack-dev-tools/arm-none-eabi-gcc/12.2.1-1.2.1/.content/bin/../lib/gcc/arm-none-eabi/12.2.1/thumb/v7e-m+fp/hard\libgcc.a(_dvmd_tls.o)

.debug_str      0x0000000000000000     0x6331
 .debug_str     0x0000000000000000      0x25d build/DWT_Delay.o
                                        0x29a (size before relaxing)
 .debug_str     0x000000000000025d      0x1a1 build/LCD16x2.o
                                        0x412 (size before relaxing)
 .debug_str     0x00000000000003fe      0x63e build/gpio.o
                                        0x90b (size before relaxing)
 .debug_str     0x0000000000000a3c      0xb49 build/main.o
                                       0x10b3 (size before relaxing)
 .debug_str     0x0000000000001585       0x15 build/memorymap.o
                                        0x1ac (size before relaxing)
 .debug_str     0x000000000000159a       0x29 build/stm32wbxx_hal_msp.o
                                        0x1ae (size before relaxing)
 .debug_str     0x00000000000015c3       0xe0 build/stm32wbxx_it.o
                                        0x279 (size before relaxing)
 .debug_str     0x00000000000016a3      0x102 build/system_stm32wbxx.o
                                        0x4cb (size before relaxing)
 .debug_str     0x00000000000017a5       0xe8 build/usart.o
                                        0xcda (size before relaxing)
 .debug_str     0x000000000000188d      0x364 build/usb.o
                                        0xa62 (size before relaxing)
 .debug_str     0x0000000000001bf1      0x96c build/stm32wbxx_hal.o
                                       0x1259 (size before relaxing)
 .debug_str     0x000000000000255d      0x404 build/stm32wbxx_hal_cortex.o
                                        0xb31 (size before relaxing)
 .debug_str     0x0000000000002961       0xed build/stm32wbxx_hal_gpio.o
                                        0x493 (size before relaxing)
 .debug_str     0x0000000000002a4e      0x54e build/stm32wbxx_hal_pcd.o
                                        0xb03 (size before relaxing)
 .debug_str     0x0000000000002f9c      0x183 build/stm32wbxx_hal_pcd_ex.o
                                        0x78d (size before relaxing)
 .debug_str     0x000000000000311f      0x324 build/stm32wbxx_hal_pwr.o
                                        0x699 (size before relaxing)
 .debug_str     0x0000000000003443      0x881 build/stm32wbxx_hal_pwr_ex.o
                                        0xd64 (size before relaxing)
 .debug_str     0x0000000000003cc4      0x7d5 build/stm32wbxx_hal_rcc.o
                                        0xfae (size before relaxing)
 .debug_str     0x0000000000004499      0xb2f build/stm32wbxx_hal_rcc_ex.o
                                       0x15bd (size before relaxing)
 .debug_str     0x0000000000004fc8      0x8a8 build/stm32wbxx_hal_uart.o
                                       0x1353 (size before relaxing)
 .debug_str     0x0000000000005870      0x246 build/stm32wbxx_hal_uart_ex.o
                                        0xb75 (size before relaxing)
 .debug_str     0x0000000000005ab6       0xd5 build/stm32wbxx_ll_usb.o
                                        0x68e (size before relaxing)
 .debug_str     0x0000000000005b8b       0x36 build/startup_stm32wb55xx_cm4.o
                                         0x8c (size before relaxing)
 .debug_str     0x0000000000005bc1      0x112 c:/users/kevin/appdata/roaming/code/user/globalstorage/bmd.stm32-for-vscode/@xpack-dev-tools/arm-none-eabi-gcc/12.2.1-1.2.1/.content/bin/../lib/gcc/arm-none-eabi/12.2.1/thumb/v7e-m+fp/hard\libgcc.a(_aeabi_uldivmod.o)
                                        0x120 (size before relaxing)
 .debug_str     0x0000000000005cd3      0x5d3 c:/users/kevin/appdata/roaming/code/user/globalstorage/bmd.stm32-for-vscode/@xpack-dev-tools/arm-none-eabi-gcc/12.2.1-1.2.1/.content/bin/../lib/gcc/arm-none-eabi/12.2.1/thumb/v7e-m+fp/hard\libgcc.a(_udivmoddi4.o)
                                        0x72a (size before relaxing)
 .debug_str     0x00000000000062a6       0x8b c:/users/kevin/appdata/roaming/code/user/globalstorage/bmd.stm32-for-vscode/@xpack-dev-tools/arm-none-eabi-gcc/12.2.1-1.2.1/.content/bin/../lib/gcc/arm-none-eabi/12.2.1/thumb/v7e-m+fp/hard\libgcc.a(_dvmd_tls.o)
                                        0x140 (size before relaxing)

.debug_frame    0x0000000000000000     0x2198
 .debug_frame   0x0000000000000000       0x20 build/DWT_Delay.o
 .debug_frame   0x0000000000000020      0x168 build/LCD16x2.o
 .debug_frame   0x0000000000000188       0x34 build/gpio.o
 .debug_frame   0x00000000000001bc       0xb8 build/main.o
 .debug_frame   0x0000000000000274       0x20 build/memorymap.o
 .debug_frame   0x0000000000000294       0x20 build/stm32wbxx_hal_msp.o
 .debug_frame   0x00000000000002b4       0xc0 build/stm32wbxx_it.o
 .debug_frame   0x0000000000000374       0x30 build/system_stm32wbxx.o
 .debug_frame   0x00000000000003a4       0x60 build/usart.o
 .debug_frame   0x0000000000000404       0x60 build/usb.o
 .debug_frame   0x0000000000000464      0x2cc build/stm32wbxx_hal.o
 .debug_frame   0x0000000000000730      0x1d4 build/stm32wbxx_hal_cortex.o
 .debug_frame   0x0000000000000904       0xdc build/stm32wbxx_hal_gpio.o
 .debug_frame   0x00000000000009e0      0x354 build/stm32wbxx_hal_pcd.o
 .debug_frame   0x0000000000000d34       0x9c build/stm32wbxx_hal_pcd_ex.o
 .debug_frame   0x0000000000000dd0      0x120 build/stm32wbxx_hal_pwr.o
 .debug_frame   0x0000000000000ef0      0x378 build/stm32wbxx_hal_pwr_ex.o
 .debug_frame   0x0000000000001268      0x1e8 build/stm32wbxx_hal_rcc.o
 .debug_frame   0x0000000000001450      0x2d4 build/stm32wbxx_hal_rcc_ex.o
 .debug_frame   0x0000000000001724      0x67c build/stm32wbxx_hal_uart.o
 .debug_frame   0x0000000000001da0      0x1d8 build/stm32wbxx_hal_uart_ex.o
 .debug_frame   0x0000000000001f78      0x1a0 build/stm32wbxx_ll_usb.o
 .debug_frame   0x0000000000002118       0x20 c:/users/kevin/appdata/roaming/code/user/globalstorage/bmd.stm32-for-vscode/@xpack-dev-tools/arm-none-eabi-gcc/12.2.1-1.2.1/.content/bin/../lib/gcc/arm-none-eabi/12.2.1/../../../../arm-none-eabi/lib/thumb/v7e-m+fp/hard\libc_nano.a(libc_a-strcmp.o)
 .debug_frame   0x0000000000002138       0x2c c:/users/kevin/appdata/roaming/code/user/globalstorage/bmd.stm32-for-vscode/@xpack-dev-tools/arm-none-eabi-gcc/12.2.1-1.2.1/.content/bin/../lib/gcc/arm-none-eabi/12.2.1/thumb/v7e-m+fp/hard\libgcc.a(_aeabi_uldivmod.o)
 .debug_frame   0x0000000000002164       0x34 c:/users/kevin/appdata/roaming/code/user/globalstorage/bmd.stm32-for-vscode/@xpack-dev-tools/arm-none-eabi-gcc/12.2.1-1.2.1/.content/bin/../lib/gcc/arm-none-eabi/12.2.1/thumb/v7e-m+fp/hard\libgcc.a(_udivmoddi4.o)

.debug_loclists
                0x0000000000000000     0x9375
 .debug_loclists
                0x0000000000000000      0x210 build/LCD16x2.o
 .debug_loclists
                0x0000000000000210       0x3c build/gpio.o
 .debug_loclists
                0x000000000000024c       0x54 build/main.o
 .debug_loclists
                0x00000000000002a0       0x90 build/system_stm32wbxx.o
 .debug_loclists
                0x0000000000000330       0x71 build/usart.o
 .debug_loclists
                0x00000000000003a1       0x95 build/usb.o
 .debug_loclists
                0x0000000000000436      0x2a8 build/stm32wbxx_hal.o
 .debug_loclists
                0x00000000000006de      0x403 build/stm32wbxx_hal_cortex.o
 .debug_loclists
                0x0000000000000ae1      0x289 build/stm32wbxx_hal_gpio.o
 .debug_loclists
                0x0000000000000d6a      0xd21 build/stm32wbxx_hal_pcd.o
 .debug_loclists
                0x0000000000001a8b      0x193 build/stm32wbxx_hal_pcd_ex.o
 .debug_loclists
                0x0000000000001c1e      0x176 build/stm32wbxx_hal_pwr.o
 .debug_loclists
                0x0000000000001d94      0x6e1 build/stm32wbxx_hal_pwr_ex.o
 .debug_loclists
                0x0000000000002475      0x8fa build/stm32wbxx_hal_rcc.o
 .debug_loclists
                0x0000000000002d6f     0x1136 build/stm32wbxx_hal_rcc_ex.o
 .debug_loclists
                0x0000000000003ea5     0x3498 build/stm32wbxx_hal_uart.o
 .debug_loclists
                0x000000000000733d      0x756 build/stm32wbxx_hal_uart_ex.o
 .debug_loclists
                0x0000000000007a93      0xf25 build/stm32wbxx_ll_usb.o
 .debug_loclists
                0x00000000000089b8      0x9bd c:/users/kevin/appdata/roaming/code/user/globalstorage/bmd.stm32-for-vscode/@xpack-dev-tools/arm-none-eabi-gcc/12.2.1-1.2.1/.content/bin/../lib/gcc/arm-none-eabi/12.2.1/thumb/v7e-m+fp/hard\libgcc.a(_udivmoddi4.o)

.debug_line_str
                0x0000000000000000      0x18e
 .debug_line_str
                0x0000000000000000       0x70 build/startup_stm32wb55xx_cm4.o
 .debug_line_str
                0x0000000000000070      0x112 c:/users/kevin/appdata/roaming/code/user/globalstorage/bmd.stm32-for-vscode/@xpack-dev-tools/arm-none-eabi-gcc/12.2.1-1.2.1/.content/bin/../lib/gcc/arm-none-eabi/12.2.1/thumb/v7e-m+fp/hard\libgcc.a(_aeabi_uldivmod.o)
 .debug_line_str